 
****************************************
Report : timing
        -path full
        -delay max
        -max_paths 20
Design : top
Version: T-2022.03-SP3
Date   : Fri Mar 31 22:56:15 2023
****************************************

 # A fanout number of 1000 was used for high fanout net computations.

Operating Conditions: PVT_0P7V_25C   Library: asap7sc7p5t_AO_RVT_TT_nldm_211120
Wire Load Model Mode: segmented

  Startpoint: w58[4] (input port clocked by clk)
  Endpoint: n3/wmul58_reg[19]
            (rising edge-triggered flip-flop clocked by clk)
  Path Group: clk
  Path Type: max

  Point                                                   Incr       Path
  --------------------------------------------------------------------------
  clock clk (rise edge)                                   0.00       0.00
  clock network delay (ideal)                             0.00       0.00
  input external delay                                    0.10       0.10 f
  w58[4] (in)                                             0.00       0.10 f
  U12163/Y (INVx1_ASAP7_75t_R)                            7.36       7.46 r
  U22608/Y (HB1xp67_ASAP7_75t_R)                         97.19     104.64 r
  U24698/Y (NOR2xp33_ASAP7_75t_R)                        61.32     165.97 f
  n3/mult_188/S3_2_3/CON (FAx1_ASAP7_75t_R)              34.92     200.89 r
  U11862/Y (INVx1_ASAP7_75t_R)                           21.80     222.69 f
  n3/mult_188/S3_3_3/CON (FAx1_ASAP7_75t_R)              25.69     248.37 r
  U11854/Y (INVx1_ASAP7_75t_R)                           21.80     270.17 f
  n3/mult_188/S3_4_3/CON (FAx1_ASAP7_75t_R)              25.69     295.86 r
  U11847/Y (INVx1_ASAP7_75t_R)                           21.11     316.98 f
  n3/mult_188/S3_5_3/CON (FAx1_ASAP7_75t_R)              25.43     342.41 r
  U11839/Y (INVx1_ASAP7_75t_R)                           21.80     364.21 f
  n3/mult_188/S3_6_3/CON (FAx1_ASAP7_75t_R)              25.69     389.90 r
  U11832/Y (INVx1_ASAP7_75t_R)                           21.80     411.70 f
  n3/mult_188/S3_7_3/CON (FAx1_ASAP7_75t_R)              25.69     437.39 r
  U11824/Y (INVx1_ASAP7_75t_R)                           21.80     459.19 f
  n3/mult_188/S3_8_3/CON (FAx1_ASAP7_75t_R)              25.69     484.87 r
  U11817/Y (INVx1_ASAP7_75t_R)                           21.80     506.67 f
  n3/mult_188/S3_9_3/CON (FAx1_ASAP7_75t_R)              25.69     532.36 r
  U11809/Y (INVx1_ASAP7_75t_R)                           21.80     554.16 f
  n3/mult_188/S3_10_3/CON (FAx1_ASAP7_75t_R)             25.69     579.85 r
  U11801/Y (INVx1_ASAP7_75t_R)                           21.80     601.65 f
  n3/mult_188/S3_11_3/CON (FAx1_ASAP7_75t_R)             25.69     627.34 r
  U11794/Y (INVx1_ASAP7_75t_R)                           21.80     649.14 f
  n3/mult_188/S3_12_3/CON (FAx1_ASAP7_75t_R)             25.69     674.83 r
  n3/mult_188/S3_12_3/SN (FAx1_ASAP7_75t_R)              18.64     693.47 f
  U11793/Y (INVx1_ASAP7_75t_R)                           19.56     713.03 r
  n3/mult_188/S2_13_2/SN (FAx1_ASAP7_75t_R)              39.77     752.80 f
  U11792/Y (INVx1_ASAP7_75t_R)                           18.65     771.45 r
  n3/mult_188/S2_14_1/SN (FAx1_ASAP7_75t_R)              39.47     810.92 f
  U11791/Y (INVx1_ASAP7_75t_R)                           18.51     829.43 r
  n3/mult_188/S4_0/CON (FAx1_ASAP7_75t_R)                27.15     856.58 f
  n3/mult_188/S4_0/SN (FAx1_ASAP7_75t_R)                 24.16     880.74 r
  U21360/Y (NOR2xp33_ASAP7_75t_R)                        35.63     916.36 f
  U18039/Y (AO21x1_ASAP7_75t_R)                          32.17     948.53 f
  U20692/Y (NOR3xp33_ASAP7_75t_R)                        36.72     985.26 r
  U18038/Y (AO21x1_ASAP7_75t_R)                          32.72    1017.98 r
  U20668/Y (AOI21xp5_ASAP7_75t_R)                        17.84    1035.81 f
  U18036/Y (OAI221xp5_ASAP7_75t_R)                       37.27    1073.08 r
  U18035/SN (FAx1_ASAP7_75t_R)                           47.99    1121.07 f
  U742/Y (OAI22xp5_ASAP7_75t_R)                          20.89    1141.96 r
  n3/wmul58_reg[19]/D (DFFHQNx1_ASAP7_75t_R)              0.00    1141.96 r
  data arrival time                                               1141.96

  clock clk (rise edge)                                2000.00    2000.00
  clock network delay (ideal)                             0.00    2000.00
  clock uncertainty                                      -0.01    1999.99
  n3/wmul58_reg[19]/CLK (DFFHQNx1_ASAP7_75t_R)            0.00    1999.99 r
  library setup time                                    -13.40    1986.59
  data required time                                              1986.59
  --------------------------------------------------------------------------
  data required time                                              1986.59
  data arrival time                                              -1141.96
  --------------------------------------------------------------------------
  slack (MET)                                                      844.63


  Startpoint: w48[4] (input port clocked by clk)
  Endpoint: n3/wmul48_reg[19]
            (rising edge-triggered flip-flop clocked by clk)
  Path Group: clk
  Path Type: max

  Point                                                   Incr       Path
  --------------------------------------------------------------------------
  clock clk (rise edge)                                   0.00       0.00
  clock network delay (ideal)                             0.00       0.00
  input external delay                                    0.10       0.10 f
  w48[4] (in)                                             0.00       0.10 f
  U11758/Y (INVx1_ASAP7_75t_R)                            7.36       7.46 r
  U22607/Y (HB1xp67_ASAP7_75t_R)                         97.19     104.64 r
  U24695/Y (NOR2xp33_ASAP7_75t_R)                        61.32     165.97 f
  n3/mult_187/S3_2_3/CON (FAx1_ASAP7_75t_R)              34.92     200.89 r
  U11457/Y (INVx1_ASAP7_75t_R)                           21.80     222.69 f
  n3/mult_187/S3_3_3/CON (FAx1_ASAP7_75t_R)              25.69     248.37 r
  U11449/Y (INVx1_ASAP7_75t_R)                           21.80     270.17 f
  n3/mult_187/S3_4_3/CON (FAx1_ASAP7_75t_R)              25.69     295.86 r
  U11442/Y (INVx1_ASAP7_75t_R)                           21.11     316.98 f
  n3/mult_187/S3_5_3/CON (FAx1_ASAP7_75t_R)              25.43     342.41 r
  U11434/Y (INVx1_ASAP7_75t_R)                           21.80     364.21 f
  n3/mult_187/S3_6_3/CON (FAx1_ASAP7_75t_R)              25.69     389.90 r
  U11427/Y (INVx1_ASAP7_75t_R)                           21.80     411.70 f
  n3/mult_187/S3_7_3/CON (FAx1_ASAP7_75t_R)              25.69     437.39 r
  U11419/Y (INVx1_ASAP7_75t_R)                           21.80     459.19 f
  n3/mult_187/S3_8_3/CON (FAx1_ASAP7_75t_R)              25.69     484.87 r
  U11412/Y (INVx1_ASAP7_75t_R)                           21.80     506.67 f
  n3/mult_187/S3_9_3/CON (FAx1_ASAP7_75t_R)              25.69     532.36 r
  U11404/Y (INVx1_ASAP7_75t_R)                           21.80     554.16 f
  n3/mult_187/S3_10_3/CON (FAx1_ASAP7_75t_R)             25.69     579.85 r
  U11396/Y (INVx1_ASAP7_75t_R)                           21.80     601.65 f
  n3/mult_187/S3_11_3/CON (FAx1_ASAP7_75t_R)             25.69     627.34 r
  U11389/Y (INVx1_ASAP7_75t_R)                           21.80     649.14 f
  n3/mult_187/S3_12_3/CON (FAx1_ASAP7_75t_R)             25.69     674.83 r
  n3/mult_187/S3_12_3/SN (FAx1_ASAP7_75t_R)              18.64     693.47 f
  U11388/Y (INVx1_ASAP7_75t_R)                           19.56     713.03 r
  n3/mult_187/S2_13_2/SN (FAx1_ASAP7_75t_R)              39.77     752.80 f
  U11387/Y (INVx1_ASAP7_75t_R)                           18.65     771.45 r
  n3/mult_187/S2_14_1/SN (FAx1_ASAP7_75t_R)              39.47     810.92 f
  U11386/Y (INVx1_ASAP7_75t_R)                           18.51     829.43 r
  n3/mult_187/S4_0/CON (FAx1_ASAP7_75t_R)                27.15     856.58 f
  n3/mult_187/S4_0/SN (FAx1_ASAP7_75t_R)                 24.16     880.74 r
  U21359/Y (NOR2xp33_ASAP7_75t_R)                        35.63     916.36 f
  U18061/Y (AO21x1_ASAP7_75t_R)                          32.17     948.53 f
  U20691/Y (NOR3xp33_ASAP7_75t_R)                        36.72     985.26 r
  U18060/Y (AO21x1_ASAP7_75t_R)                          32.72    1017.98 r
  U20667/Y (AOI21xp5_ASAP7_75t_R)                        17.84    1035.81 f
  U18058/Y (OAI221xp5_ASAP7_75t_R)                       37.27    1073.08 r
  U18057/SN (FAx1_ASAP7_75t_R)                           47.99    1121.07 f
  U786/Y (OAI22xp5_ASAP7_75t_R)                          20.89    1141.96 r
  n3/wmul48_reg[19]/D (DFFHQNx1_ASAP7_75t_R)              0.00    1141.96 r
  data arrival time                                               1141.96

  clock clk (rise edge)                                2000.00    2000.00
  clock network delay (ideal)                             0.00    2000.00
  clock uncertainty                                      -0.01    1999.99
  n3/wmul48_reg[19]/CLK (DFFHQNx1_ASAP7_75t_R)            0.00    1999.99 r
  library setup time                                    -13.40    1986.59
  data required time                                              1986.59
  --------------------------------------------------------------------------
  data required time                                              1986.59
  data arrival time                                              -1141.96
  --------------------------------------------------------------------------
  slack (MET)                                                      844.63


  Startpoint: w78[4] (input port clocked by clk)
  Endpoint: n3/wmul78_reg[19]
            (rising edge-triggered flip-flop clocked by clk)
  Path Group: clk
  Path Type: max

  Point                                                   Incr       Path
  --------------------------------------------------------------------------
  clock clk (rise edge)                                   0.00       0.00
  clock network delay (ideal)                             0.00       0.00
  input external delay                                    0.10       0.10 f
  w78[4] (in)                                             0.00       0.10 f
  U12973/Y (INVx1_ASAP7_75t_R)                            7.36       7.46 r
  U22610/Y (HB1xp67_ASAP7_75t_R)                         97.19     104.64 r
  U24704/Y (NOR2xp33_ASAP7_75t_R)                        61.32     165.97 f
  n3/mult_190/S3_2_3/CON (FAx1_ASAP7_75t_R)              34.92     200.89 r
  U12672/Y (INVx1_ASAP7_75t_R)                           21.80     222.69 f
  n3/mult_190/S3_3_3/CON (FAx1_ASAP7_75t_R)              25.69     248.37 r
  U12664/Y (INVx1_ASAP7_75t_R)                           21.80     270.17 f
  n3/mult_190/S3_4_3/CON (FAx1_ASAP7_75t_R)              25.69     295.86 r
  U12657/Y (INVx1_ASAP7_75t_R)                           21.11     316.98 f
  n3/mult_190/S3_5_3/CON (FAx1_ASAP7_75t_R)              25.43     342.41 r
  U12649/Y (INVx1_ASAP7_75t_R)                           21.80     364.21 f
  n3/mult_190/S3_6_3/CON (FAx1_ASAP7_75t_R)              25.69     389.90 r
  U12642/Y (INVx1_ASAP7_75t_R)                           21.80     411.70 f
  n3/mult_190/S3_7_3/CON (FAx1_ASAP7_75t_R)              25.69     437.39 r
  U12634/Y (INVx1_ASAP7_75t_R)                           21.80     459.19 f
  n3/mult_190/S3_8_3/CON (FAx1_ASAP7_75t_R)              25.69     484.87 r
  U12627/Y (INVx1_ASAP7_75t_R)                           21.80     506.67 f
  n3/mult_190/S3_9_3/CON (FAx1_ASAP7_75t_R)              25.69     532.36 r
  U12619/Y (INVx1_ASAP7_75t_R)                           21.80     554.16 f
  n3/mult_190/S3_10_3/CON (FAx1_ASAP7_75t_R)             25.69     579.85 r
  U12611/Y (INVx1_ASAP7_75t_R)                           21.80     601.65 f
  n3/mult_190/S3_11_3/CON (FAx1_ASAP7_75t_R)             25.69     627.34 r
  U12604/Y (INVx1_ASAP7_75t_R)                           21.80     649.14 f
  n3/mult_190/S3_12_3/CON (FAx1_ASAP7_75t_R)             25.69     674.83 r
  n3/mult_190/S3_12_3/SN (FAx1_ASAP7_75t_R)              18.64     693.47 f
  U12603/Y (INVx1_ASAP7_75t_R)                           19.56     713.03 r
  n3/mult_190/S2_13_2/SN (FAx1_ASAP7_75t_R)              39.77     752.80 f
  U12602/Y (INVx1_ASAP7_75t_R)                           18.65     771.45 r
  n3/mult_190/S2_14_1/SN (FAx1_ASAP7_75t_R)              39.47     810.92 f
  U12601/Y (INVx1_ASAP7_75t_R)                           18.51     829.43 r
  n3/mult_190/S4_0/CON (FAx1_ASAP7_75t_R)                27.15     856.58 f
  n3/mult_190/S4_0/SN (FAx1_ASAP7_75t_R)                 24.16     880.74 r
  U21362/Y (NOR2xp33_ASAP7_75t_R)                        35.63     916.36 f
  U17995/Y (AO21x1_ASAP7_75t_R)                          32.17     948.53 f
  U20694/Y (NOR3xp33_ASAP7_75t_R)                        36.72     985.26 r
  U17994/Y (AO21x1_ASAP7_75t_R)                          32.72    1017.98 r
  U20670/Y (AOI21xp5_ASAP7_75t_R)                        17.84    1035.81 f
  U17992/Y (OAI221xp5_ASAP7_75t_R)                       37.27    1073.08 r
  U17991/SN (FAx1_ASAP7_75t_R)                           47.99    1121.07 f
  U654/Y (OAI22xp5_ASAP7_75t_R)                          20.89    1141.96 r
  n3/wmul78_reg[19]/D (DFFHQNx1_ASAP7_75t_R)              0.00    1141.96 r
  data arrival time                                               1141.96

  clock clk (rise edge)                                2000.00    2000.00
  clock network delay (ideal)                             0.00    2000.00
  clock uncertainty                                      -0.01    1999.99
  n3/wmul78_reg[19]/CLK (DFFHQNx1_ASAP7_75t_R)            0.00    1999.99 r
  library setup time                                    -13.40    1986.59
  data required time                                              1986.59
  --------------------------------------------------------------------------
  data required time                                              1986.59
  data arrival time                                              -1141.96
  --------------------------------------------------------------------------
  slack (MET)                                                      844.63


  Startpoint: w68[4] (input port clocked by clk)
  Endpoint: n3/wmul68_reg[19]
            (rising edge-triggered flip-flop clocked by clk)
  Path Group: clk
  Path Type: max

  Point                                                   Incr       Path
  --------------------------------------------------------------------------
  clock clk (rise edge)                                   0.00       0.00
  clock network delay (ideal)                             0.00       0.00
  input external delay                                    0.10       0.10 f
  w68[4] (in)                                             0.00       0.10 f
  U12568/Y (INVx1_ASAP7_75t_R)                            7.36       7.46 r
  U22609/Y (HB1xp67_ASAP7_75t_R)                         97.19     104.64 r
  U24701/Y (NOR2xp33_ASAP7_75t_R)                        61.32     165.97 f
  n3/mult_189/S3_2_3/CON (FAx1_ASAP7_75t_R)              34.92     200.89 r
  U12267/Y (INVx1_ASAP7_75t_R)                           21.80     222.69 f
  n3/mult_189/S3_3_3/CON (FAx1_ASAP7_75t_R)              25.69     248.37 r
  U12259/Y (INVx1_ASAP7_75t_R)                           21.80     270.17 f
  n3/mult_189/S3_4_3/CON (FAx1_ASAP7_75t_R)              25.69     295.86 r
  U12252/Y (INVx1_ASAP7_75t_R)                           21.11     316.98 f
  n3/mult_189/S3_5_3/CON (FAx1_ASAP7_75t_R)              25.43     342.41 r
  U12244/Y (INVx1_ASAP7_75t_R)                           21.80     364.21 f
  n3/mult_189/S3_6_3/CON (FAx1_ASAP7_75t_R)              25.69     389.90 r
  U12237/Y (INVx1_ASAP7_75t_R)                           21.80     411.70 f
  n3/mult_189/S3_7_3/CON (FAx1_ASAP7_75t_R)              25.69     437.39 r
  U12229/Y (INVx1_ASAP7_75t_R)                           21.80     459.19 f
  n3/mult_189/S3_8_3/CON (FAx1_ASAP7_75t_R)              25.69     484.87 r
  U12222/Y (INVx1_ASAP7_75t_R)                           21.80     506.67 f
  n3/mult_189/S3_9_3/CON (FAx1_ASAP7_75t_R)              25.69     532.36 r
  U12214/Y (INVx1_ASAP7_75t_R)                           21.80     554.16 f
  n3/mult_189/S3_10_3/CON (FAx1_ASAP7_75t_R)             25.69     579.85 r
  U12206/Y (INVx1_ASAP7_75t_R)                           21.80     601.65 f
  n3/mult_189/S3_11_3/CON (FAx1_ASAP7_75t_R)             25.69     627.34 r
  U12199/Y (INVx1_ASAP7_75t_R)                           21.80     649.14 f
  n3/mult_189/S3_12_3/CON (FAx1_ASAP7_75t_R)             25.69     674.83 r
  n3/mult_189/S3_12_3/SN (FAx1_ASAP7_75t_R)              18.64     693.47 f
  U12198/Y (INVx1_ASAP7_75t_R)                           19.56     713.03 r
  n3/mult_189/S2_13_2/SN (FAx1_ASAP7_75t_R)              39.77     752.80 f
  U12197/Y (INVx1_ASAP7_75t_R)                           18.65     771.45 r
  n3/mult_189/S2_14_1/SN (FAx1_ASAP7_75t_R)              39.47     810.92 f
  U12196/Y (INVx1_ASAP7_75t_R)                           18.51     829.43 r
  n3/mult_189/S4_0/CON (FAx1_ASAP7_75t_R)                27.15     856.58 f
  n3/mult_189/S4_0/SN (FAx1_ASAP7_75t_R)                 24.16     880.74 r
  U21361/Y (NOR2xp33_ASAP7_75t_R)                        35.63     916.36 f
  U18017/Y (AO21x1_ASAP7_75t_R)                          32.17     948.53 f
  U20693/Y (NOR3xp33_ASAP7_75t_R)                        36.72     985.26 r
  U18016/Y (AO21x1_ASAP7_75t_R)                          32.72    1017.98 r
  U20669/Y (AOI21xp5_ASAP7_75t_R)                        17.84    1035.81 f
  U18014/Y (OAI221xp5_ASAP7_75t_R)                       37.27    1073.08 r
  U18013/SN (FAx1_ASAP7_75t_R)                           47.99    1121.07 f
  U698/Y (OAI22xp5_ASAP7_75t_R)                          20.89    1141.96 r
  n3/wmul68_reg[19]/D (DFFHQNx1_ASAP7_75t_R)              0.00    1141.96 r
  data arrival time                                               1141.96

  clock clk (rise edge)                                2000.00    2000.00
  clock network delay (ideal)                             0.00    2000.00
  clock uncertainty                                      -0.01    1999.99
  n3/wmul68_reg[19]/CLK (DFFHQNx1_ASAP7_75t_R)            0.00    1999.99 r
  library setup time                                    -13.40    1986.59
  data required time                                              1986.59
  --------------------------------------------------------------------------
  data required time                                              1986.59
  data arrival time                                              -1141.96
  --------------------------------------------------------------------------
  slack (MET)                                                      844.63


  Startpoint: w59[4] (input port clocked by clk)
  Endpoint: n3/wmul59_reg[19]
            (rising edge-triggered flip-flop clocked by clk)
  Path Group: clk
  Path Type: max

  Point                                                   Incr       Path
  --------------------------------------------------------------------------
  clock clk (rise edge)                                   0.00       0.00
  clock network delay (ideal)                             0.00       0.00
  input external delay                                    0.10       0.10 f
  w59[4] (in)                                             0.00       0.10 f
  U13783/Y (INVx1_ASAP7_75t_R)                            7.36       7.46 r
  U22596/Y (HB1xp67_ASAP7_75t_R)                         97.19     104.64 r
  U23998/Y (NOR2xp33_ASAP7_75t_R)                        61.32     165.97 f
  n3/mult_193/S3_2_3/CON (FAx1_ASAP7_75t_R)              34.92     200.89 r
  U13482/Y (INVx1_ASAP7_75t_R)                           21.80     222.69 f
  n3/mult_193/S3_3_3/CON (FAx1_ASAP7_75t_R)              25.69     248.37 r
  U13474/Y (INVx1_ASAP7_75t_R)                           21.80     270.17 f
  n3/mult_193/S3_4_3/CON (FAx1_ASAP7_75t_R)              25.69     295.86 r
  U13467/Y (INVx1_ASAP7_75t_R)                           21.11     316.98 f
  n3/mult_193/S3_5_3/CON (FAx1_ASAP7_75t_R)              25.43     342.41 r
  U13459/Y (INVx1_ASAP7_75t_R)                           21.80     364.21 f
  n3/mult_193/S3_6_3/CON (FAx1_ASAP7_75t_R)              25.69     389.90 r
  U13452/Y (INVx1_ASAP7_75t_R)                           21.80     411.70 f
  n3/mult_193/S3_7_3/CON (FAx1_ASAP7_75t_R)              25.69     437.39 r
  U13444/Y (INVx1_ASAP7_75t_R)                           21.80     459.19 f
  n3/mult_193/S3_8_3/CON (FAx1_ASAP7_75t_R)              25.69     484.87 r
  U13437/Y (INVx1_ASAP7_75t_R)                           21.80     506.67 f
  n3/mult_193/S3_9_3/CON (FAx1_ASAP7_75t_R)              25.69     532.36 r
  U13429/Y (INVx1_ASAP7_75t_R)                           21.80     554.16 f
  n3/mult_193/S3_10_3/CON (FAx1_ASAP7_75t_R)             25.69     579.85 r
  U13421/Y (INVx1_ASAP7_75t_R)                           21.80     601.65 f
  n3/mult_193/S3_11_3/CON (FAx1_ASAP7_75t_R)             25.69     627.34 r
  U13414/Y (INVx1_ASAP7_75t_R)                           21.80     649.14 f
  n3/mult_193/S3_12_3/CON (FAx1_ASAP7_75t_R)             25.69     674.83 r
  n3/mult_193/S3_12_3/SN (FAx1_ASAP7_75t_R)              18.64     693.47 f
  U13413/Y (INVx1_ASAP7_75t_R)                           19.56     713.03 r
  n3/mult_193/S2_13_2/SN (FAx1_ASAP7_75t_R)              39.77     752.80 f
  U13412/Y (INVx1_ASAP7_75t_R)                           18.51     771.31 r
  n3/mult_193/S2_14_1/SN (FAx1_ASAP7_75t_R)              39.42     810.73 f
  U13411/Y (INVx1_ASAP7_75t_R)                           18.51     829.24 r
  n3/mult_193/S4_0/CON (FAx1_ASAP7_75t_R)                27.15     856.39 f
  n3/mult_193/S4_0/SN (FAx1_ASAP7_75t_R)                 24.16     880.55 r
  U21340/Y (NOR2xp33_ASAP7_75t_R)                        35.63     916.18 f
  U17951/Y (AO21x1_ASAP7_75t_R)                          32.17     948.35 f
  U20672/Y (NOR3xp33_ASAP7_75t_R)                        36.72     985.07 r
  U17950/Y (AO21x1_ASAP7_75t_R)                          32.72    1017.79 r
  U20640/Y (AOI21xp5_ASAP7_75t_R)                        17.84    1035.62 f
  U17948/Y (OAI221xp5_ASAP7_75t_R)                       37.27    1072.89 r
  U17947/SN (FAx1_ASAP7_75t_R)                           47.99    1120.89 f
  U566/Y (OAI22xp5_ASAP7_75t_R)                          20.89    1141.78 r
  n3/wmul59_reg[19]/D (DFFHQNx1_ASAP7_75t_R)              0.00    1141.78 r
  data arrival time                                               1141.78

  clock clk (rise edge)                                2000.00    2000.00
  clock network delay (ideal)                             0.00    2000.00
  clock uncertainty                                      -0.01    1999.99
  n3/wmul59_reg[19]/CLK (DFFHQNx1_ASAP7_75t_R)            0.00    1999.99 r
  library setup time                                    -13.40    1986.59
  data required time                                              1986.59
  --------------------------------------------------------------------------
  data required time                                              1986.59
  data arrival time                                              -1141.78
  --------------------------------------------------------------------------
  slack (MET)                                                      844.82


  Startpoint: w79[4] (input port clocked by clk)
  Endpoint: n3/wmul79_reg[19]
            (rising edge-triggered flip-flop clocked by clk)
  Path Group: clk
  Path Type: max

  Point                                                   Incr       Path
  --------------------------------------------------------------------------
  clock clk (rise edge)                                   0.00       0.00
  clock network delay (ideal)                             0.00       0.00
  input external delay                                    0.10       0.10 f
  w79[4] (in)                                             0.00       0.10 f
  U14593/Y (INVx1_ASAP7_75t_R)                            7.36       7.46 r
  U22598/Y (HB1xp67_ASAP7_75t_R)                         97.19     104.64 r
  U24004/Y (NOR2xp33_ASAP7_75t_R)                        61.32     165.97 f
  n3/mult_195/S3_2_3/CON (FAx1_ASAP7_75t_R)              34.92     200.89 r
  U14292/Y (INVx1_ASAP7_75t_R)                           21.80     222.69 f
  n3/mult_195/S3_3_3/CON (FAx1_ASAP7_75t_R)              25.69     248.37 r
  U14284/Y (INVx1_ASAP7_75t_R)                           21.80     270.17 f
  n3/mult_195/S3_4_3/CON (FAx1_ASAP7_75t_R)              25.69     295.86 r
  U14277/Y (INVx1_ASAP7_75t_R)                           21.11     316.98 f
  n3/mult_195/S3_5_3/CON (FAx1_ASAP7_75t_R)              25.43     342.41 r
  U14269/Y (INVx1_ASAP7_75t_R)                           21.80     364.21 f
  n3/mult_195/S3_6_3/CON (FAx1_ASAP7_75t_R)              25.69     389.90 r
  U14262/Y (INVx1_ASAP7_75t_R)                           21.80     411.70 f
  n3/mult_195/S3_7_3/CON (FAx1_ASAP7_75t_R)              25.69     437.39 r
  U14254/Y (INVx1_ASAP7_75t_R)                           21.80     459.19 f
  n3/mult_195/S3_8_3/CON (FAx1_ASAP7_75t_R)              25.69     484.87 r
  U14247/Y (INVx1_ASAP7_75t_R)                           21.80     506.67 f
  n3/mult_195/S3_9_3/CON (FAx1_ASAP7_75t_R)              25.69     532.36 r
  U14239/Y (INVx1_ASAP7_75t_R)                           21.80     554.16 f
  n3/mult_195/S3_10_3/CON (FAx1_ASAP7_75t_R)             25.69     579.85 r
  U14231/Y (INVx1_ASAP7_75t_R)                           21.80     601.65 f
  n3/mult_195/S3_11_3/CON (FAx1_ASAP7_75t_R)             25.69     627.34 r
  U14224/Y (INVx1_ASAP7_75t_R)                           21.80     649.14 f
  n3/mult_195/S3_12_3/CON (FAx1_ASAP7_75t_R)             25.69     674.83 r
  n3/mult_195/S3_12_3/SN (FAx1_ASAP7_75t_R)              18.64     693.47 f
  U14223/Y (INVx1_ASAP7_75t_R)                           19.56     713.03 r
  n3/mult_195/S2_13_2/SN (FAx1_ASAP7_75t_R)              39.77     752.80 f
  U14222/Y (INVx1_ASAP7_75t_R)                           18.51     771.31 r
  n3/mult_195/S2_14_1/SN (FAx1_ASAP7_75t_R)              39.42     810.73 f
  U14221/Y (INVx1_ASAP7_75t_R)                           18.51     829.24 r
  n3/mult_195/S4_0/CON (FAx1_ASAP7_75t_R)                27.15     856.39 f
  n3/mult_195/S4_0/SN (FAx1_ASAP7_75t_R)                 24.16     880.55 r
  U21342/Y (NOR2xp33_ASAP7_75t_R)                        35.63     916.18 f
  U17907/Y (AO21x1_ASAP7_75t_R)                          32.17     948.35 f
  U20674/Y (NOR3xp33_ASAP7_75t_R)                        36.72     985.07 r
  U17906/Y (AO21x1_ASAP7_75t_R)                          32.72    1017.79 r
  U20642/Y (AOI21xp5_ASAP7_75t_R)                        17.84    1035.62 f
  U17904/Y (OAI221xp5_ASAP7_75t_R)                       37.27    1072.89 r
  U17903/SN (FAx1_ASAP7_75t_R)                           47.99    1120.89 f
  U478/Y (OAI22xp5_ASAP7_75t_R)                          20.89    1141.78 r
  n3/wmul79_reg[19]/D (DFFHQNx1_ASAP7_75t_R)              0.00    1141.78 r
  data arrival time                                               1141.78

  clock clk (rise edge)                                2000.00    2000.00
  clock network delay (ideal)                             0.00    2000.00
  clock uncertainty                                      -0.01    1999.99
  n3/wmul79_reg[19]/CLK (DFFHQNx1_ASAP7_75t_R)            0.00    1999.99 r
  library setup time                                    -13.40    1986.59
  data required time                                              1986.59
  --------------------------------------------------------------------------
  data required time                                              1986.59
  data arrival time                                              -1141.78
  --------------------------------------------------------------------------
  slack (MET)                                                      844.82


  Startpoint: w69[4] (input port clocked by clk)
  Endpoint: n3/wmul69_reg[19]
            (rising edge-triggered flip-flop clocked by clk)
  Path Group: clk
  Path Type: max

  Point                                                   Incr       Path
  --------------------------------------------------------------------------
  clock clk (rise edge)                                   0.00       0.00
  clock network delay (ideal)                             0.00       0.00
  input external delay                                    0.10       0.10 f
  w69[4] (in)                                             0.00       0.10 f
  U14188/Y (INVx1_ASAP7_75t_R)                            7.36       7.46 r
  U22597/Y (HB1xp67_ASAP7_75t_R)                         97.19     104.64 r
  U24001/Y (NOR2xp33_ASAP7_75t_R)                        61.32     165.97 f
  n3/mult_194/S3_2_3/CON (FAx1_ASAP7_75t_R)              34.92     200.89 r
  U13887/Y (INVx1_ASAP7_75t_R)                           21.80     222.69 f
  n3/mult_194/S3_3_3/CON (FAx1_ASAP7_75t_R)              25.69     248.37 r
  U13879/Y (INVx1_ASAP7_75t_R)                           21.80     270.17 f
  n3/mult_194/S3_4_3/CON (FAx1_ASAP7_75t_R)              25.69     295.86 r
  U13872/Y (INVx1_ASAP7_75t_R)                           21.11     316.98 f
  n3/mult_194/S3_5_3/CON (FAx1_ASAP7_75t_R)              25.43     342.41 r
  U13864/Y (INVx1_ASAP7_75t_R)                           21.80     364.21 f
  n3/mult_194/S3_6_3/CON (FAx1_ASAP7_75t_R)              25.69     389.90 r
  U13857/Y (INVx1_ASAP7_75t_R)                           21.80     411.70 f
  n3/mult_194/S3_7_3/CON (FAx1_ASAP7_75t_R)              25.69     437.39 r
  U13849/Y (INVx1_ASAP7_75t_R)                           21.80     459.19 f
  n3/mult_194/S3_8_3/CON (FAx1_ASAP7_75t_R)              25.69     484.87 r
  U13842/Y (INVx1_ASAP7_75t_R)                           21.80     506.67 f
  n3/mult_194/S3_9_3/CON (FAx1_ASAP7_75t_R)              25.69     532.36 r
  U13834/Y (INVx1_ASAP7_75t_R)                           21.80     554.16 f
  n3/mult_194/S3_10_3/CON (FAx1_ASAP7_75t_R)             25.69     579.85 r
  U13826/Y (INVx1_ASAP7_75t_R)                           21.80     601.65 f
  n3/mult_194/S3_11_3/CON (FAx1_ASAP7_75t_R)             25.69     627.34 r
  U13819/Y (INVx1_ASAP7_75t_R)                           21.80     649.14 f
  n3/mult_194/S3_12_3/CON (FAx1_ASAP7_75t_R)             25.69     674.83 r
  n3/mult_194/S3_12_3/SN (FAx1_ASAP7_75t_R)              18.64     693.47 f
  U13818/Y (INVx1_ASAP7_75t_R)                           19.56     713.03 r
  n3/mult_194/S2_13_2/SN (FAx1_ASAP7_75t_R)              39.77     752.80 f
  U13817/Y (INVx1_ASAP7_75t_R)                           18.51     771.31 r
  n3/mult_194/S2_14_1/SN (FAx1_ASAP7_75t_R)              39.42     810.73 f
  U13816/Y (INVx1_ASAP7_75t_R)                           18.51     829.24 r
  n3/mult_194/S4_0/CON (FAx1_ASAP7_75t_R)                27.15     856.39 f
  n3/mult_194/S4_0/SN (FAx1_ASAP7_75t_R)                 24.16     880.55 r
  U21341/Y (NOR2xp33_ASAP7_75t_R)                        35.63     916.18 f
  U17929/Y (AO21x1_ASAP7_75t_R)                          32.17     948.35 f
  U20673/Y (NOR3xp33_ASAP7_75t_R)                        36.72     985.07 r
  U17928/Y (AO21x1_ASAP7_75t_R)                          32.72    1017.79 r
  U20641/Y (AOI21xp5_ASAP7_75t_R)                        17.84    1035.62 f
  U17926/Y (OAI221xp5_ASAP7_75t_R)                       37.27    1072.89 r
  U17925/SN (FAx1_ASAP7_75t_R)                           47.99    1120.89 f
  U522/Y (OAI22xp5_ASAP7_75t_R)                          20.89    1141.78 r
  n3/wmul69_reg[19]/D (DFFHQNx1_ASAP7_75t_R)              0.00    1141.78 r
  data arrival time                                               1141.78

  clock clk (rise edge)                                2000.00    2000.00
  clock network delay (ideal)                             0.00    2000.00
  clock uncertainty                                      -0.01    1999.99
  n3/wmul69_reg[19]/CLK (DFFHQNx1_ASAP7_75t_R)            0.00    1999.99 r
  library setup time                                    -13.30    1986.69
  data required time                                              1986.69
  --------------------------------------------------------------------------
  data required time                                              1986.69
  data arrival time                                              -1141.78
  --------------------------------------------------------------------------
  slack (MET)                                                      844.92


  Startpoint: w49[4] (input port clocked by clk)
  Endpoint: n3/wmul49_reg[19]
            (rising edge-triggered flip-flop clocked by clk)
  Path Group: clk
  Path Type: max

  Point                                                   Incr       Path
  --------------------------------------------------------------------------
  clock clk (rise edge)                                   0.00       0.00
  clock network delay (ideal)                             0.00       0.00
  input external delay                                    0.10       0.10 f
  w49[4] (in)                                             0.00       0.10 f
  U13378/Y (INVx1_ASAP7_75t_R)                            7.36       7.46 r
  U22595/Y (HB1xp67_ASAP7_75t_R)                         97.19     104.64 r
  U23995/Y (NOR2xp33_ASAP7_75t_R)                        61.32     165.97 f
  n3/mult_192/S3_2_3/CON (FAx1_ASAP7_75t_R)              34.92     200.89 r
  U13077/Y (INVx1_ASAP7_75t_R)                           21.80     222.69 f
  n3/mult_192/S3_3_3/CON (FAx1_ASAP7_75t_R)              25.69     248.37 r
  U13069/Y (INVx1_ASAP7_75t_R)                           21.80     270.17 f
  n3/mult_192/S3_4_3/CON (FAx1_ASAP7_75t_R)              25.69     295.86 r
  U13062/Y (INVx1_ASAP7_75t_R)                           21.11     316.98 f
  n3/mult_192/S3_5_3/CON (FAx1_ASAP7_75t_R)              25.43     342.41 r
  U13054/Y (INVx1_ASAP7_75t_R)                           21.80     364.21 f
  n3/mult_192/S3_6_3/CON (FAx1_ASAP7_75t_R)              25.69     389.90 r
  U13047/Y (INVx1_ASAP7_75t_R)                           21.80     411.70 f
  n3/mult_192/S3_7_3/CON (FAx1_ASAP7_75t_R)              25.69     437.39 r
  U13039/Y (INVx1_ASAP7_75t_R)                           21.80     459.19 f
  n3/mult_192/S3_8_3/CON (FAx1_ASAP7_75t_R)              25.69     484.87 r
  U13032/Y (INVx1_ASAP7_75t_R)                           21.80     506.67 f
  n3/mult_192/S3_9_3/CON (FAx1_ASAP7_75t_R)              25.69     532.36 r
  U13024/Y (INVx1_ASAP7_75t_R)                           21.80     554.16 f
  n3/mult_192/S3_10_3/CON (FAx1_ASAP7_75t_R)             25.69     579.85 r
  U13016/Y (INVx1_ASAP7_75t_R)                           21.80     601.65 f
  n3/mult_192/S3_11_3/CON (FAx1_ASAP7_75t_R)             25.69     627.34 r
  U13009/Y (INVx1_ASAP7_75t_R)                           21.80     649.14 f
  n3/mult_192/S3_12_3/CON (FAx1_ASAP7_75t_R)             25.69     674.83 r
  n3/mult_192/S3_12_3/SN (FAx1_ASAP7_75t_R)              18.64     693.47 f
  U13008/Y (INVx1_ASAP7_75t_R)                           19.56     713.03 r
  n3/mult_192/S2_13_2/SN (FAx1_ASAP7_75t_R)              39.77     752.80 f
  U13007/Y (INVx1_ASAP7_75t_R)                           18.51     771.31 r
  n3/mult_192/S2_14_1/SN (FAx1_ASAP7_75t_R)              39.42     810.73 f
  U13006/Y (INVx1_ASAP7_75t_R)                           18.51     829.24 r
  n3/mult_192/S4_0/CON (FAx1_ASAP7_75t_R)                27.15     856.39 f
  n3/mult_192/S4_0/SN (FAx1_ASAP7_75t_R)                 24.16     880.55 r
  U21339/Y (NOR2xp33_ASAP7_75t_R)                        35.63     916.18 f
  U17973/Y (AO21x1_ASAP7_75t_R)                          32.17     948.35 f
  U20671/Y (NOR3xp33_ASAP7_75t_R)                        36.72     985.07 r
  U17972/Y (AO21x1_ASAP7_75t_R)                          32.72    1017.79 r
  U20639/Y (AOI21xp5_ASAP7_75t_R)                        17.84    1035.62 f
  U17970/Y (OAI221xp5_ASAP7_75t_R)                       37.27    1072.89 r
  U17969/SN (FAx1_ASAP7_75t_R)                           47.99    1120.89 f
  U610/Y (OAI22xp5_ASAP7_75t_R)                          20.89    1141.78 r
  n3/wmul49_reg[19]/D (DFFHQNx1_ASAP7_75t_R)              0.00    1141.78 r
  data arrival time                                               1141.78

  clock clk (rise edge)                                2000.00    2000.00
  clock network delay (ideal)                             0.00    2000.00
  clock uncertainty                                      -0.01    1999.99
  n3/wmul49_reg[19]/CLK (DFFHQNx1_ASAP7_75t_R)            0.00    1999.99 r
  library setup time                                    -13.30    1986.69
  data required time                                              1986.69
  --------------------------------------------------------------------------
  data required time                                              1986.69
  data arrival time                                              -1141.78
  --------------------------------------------------------------------------
  slack (MET)                                                      844.92


  Startpoint: w79[4] (input port clocked by clk)
  Endpoint: n0/wmul79_reg[19]
            (rising edge-triggered flip-flop clocked by clk)
  Path Group: clk
  Path Type: max

  Point                                                   Incr       Path
  --------------------------------------------------------------------------
  clock clk (rise edge)                                   0.00       0.00
  clock network delay (ideal)                             0.00       0.00
  input external delay                                    0.10       0.10 f
  w79[4] (in)                                             0.00       0.10 f
  U14593/Y (INVx1_ASAP7_75t_R)                            7.36       7.46 r
  U22606/Y (HB1xp67_ASAP7_75t_R)                         81.02      88.47 r
  U24076/Y (NOR2xp33_ASAP7_75t_R)                        55.78     144.25 f
  n0/mult_195/S3_2_3/CON (FAx1_ASAP7_75t_R)              33.49     177.74 r
  U14577/Y (INVx1_ASAP7_75t_R)                           21.46     199.20 f
  n0/mult_195/S3_3_3/CON (FAx1_ASAP7_75t_R)              25.56     224.76 r
  U14569/Y (INVx1_ASAP7_75t_R)                           21.46     246.23 f
  n0/mult_195/S3_4_3/CON (FAx1_ASAP7_75t_R)              25.56     271.79 r
  U14562/Y (INVx1_ASAP7_75t_R)                           21.46     293.26 f
  n0/mult_195/S3_5_3/CON (FAx1_ASAP7_75t_R)              25.56     318.82 r
  U14554/Y (INVx1_ASAP7_75t_R)                           21.46     340.28 f
  n0/mult_195/S3_6_3/CON (FAx1_ASAP7_75t_R)              25.56     365.85 r
  U14547/Y (INVx1_ASAP7_75t_R)                           21.46     387.31 f
  n0/mult_195/S3_7_3/CON (FAx1_ASAP7_75t_R)              25.56     412.87 r
  U14539/Y (INVx1_ASAP7_75t_R)                           21.46     434.34 f
  n0/mult_195/S3_8_3/CON (FAx1_ASAP7_75t_R)              25.56     459.90 r
  U14532/Y (INVx1_ASAP7_75t_R)                           21.46     481.36 f
  n0/mult_195/S3_9_3/CON (FAx1_ASAP7_75t_R)              25.56     506.93 r
  U14524/Y (INVx1_ASAP7_75t_R)                           21.46     528.39 f
  n0/mult_195/S3_10_3/CON (FAx1_ASAP7_75t_R)             25.56     553.95 r
  U14516/Y (INVx1_ASAP7_75t_R)                           21.46     575.42 f
  n0/mult_195/S3_11_3/CON (FAx1_ASAP7_75t_R)             25.56     600.98 r
  U14509/Y (INVx1_ASAP7_75t_R)                           21.80     622.78 f
  n0/mult_195/S3_12_3/CON (FAx1_ASAP7_75t_R)             25.69     648.47 r
  n0/mult_195/S3_12_3/SN (FAx1_ASAP7_75t_R)              18.12     666.59 f
  U14508/Y (INVx1_ASAP7_75t_R)                           18.90     685.49 r
  n0/mult_195/S2_13_2/SN (FAx1_ASAP7_75t_R)              39.55     725.05 f
  U14507/Y (INVx1_ASAP7_75t_R)                           18.32     743.37 r
  n0/mult_195/S2_14_1/SN (FAx1_ASAP7_75t_R)              39.36     782.73 f
  U14506/Y (INVx1_ASAP7_75t_R)                           18.32     801.05 r
  n0/mult_195/S4_0/CON (FAx1_ASAP7_75t_R)                27.09     828.14 f
  n0/mult_195/S4_0/SN (FAx1_ASAP7_75t_R)                 24.16     852.30 r
  U21394/Y (NOR2xp33_ASAP7_75t_R)                        35.63     887.93 f
  U20231/Y (AO21x1_ASAP7_75t_R)                          32.31     920.24 f
  U20702/Y (NOR3xp33_ASAP7_75t_R)                        35.13     955.36 r
  U20228/Y (AO21x1_ASAP7_75t_R)                          32.73     988.09 r
  U20666/Y (AOI21xp5_ASAP7_75t_R)                        17.84    1005.93 f
  U20223/Y (OAI221xp5_ASAP7_75t_R)                       37.27    1043.19 r
  U20222/SN (FAx1_ASAP7_75t_R)                           47.99    1091.19 f
  U7368/Y (OAI22xp5_ASAP7_75t_R)                         20.89    1112.08 r
  n0/wmul79_reg[19]/D (DFFHQNx1_ASAP7_75t_R)              0.00    1112.08 r
  data arrival time                                               1112.08

  clock clk (rise edge)                                2000.00    2000.00
  clock network delay (ideal)                             0.00    2000.00
  clock uncertainty                                      -0.01    1999.99
  n0/wmul79_reg[19]/CLK (DFFHQNx1_ASAP7_75t_R)            0.00    1999.99 r
  library setup time                                    -13.35    1986.64
  data required time                                              1986.64
  --------------------------------------------------------------------------
  data required time                                              1986.64
  data arrival time                                              -1112.08
  --------------------------------------------------------------------------
  slack (MET)                                                      874.55


  Startpoint: w69[4] (input port clocked by clk)
  Endpoint: n0/wmul69_reg[19]
            (rising edge-triggered flip-flop clocked by clk)
  Path Group: clk
  Path Type: max

  Point                                                   Incr       Path
  --------------------------------------------------------------------------
  clock clk (rise edge)                                   0.00       0.00
  clock network delay (ideal)                             0.00       0.00
  input external delay                                    0.10       0.10 f
  w69[4] (in)                                             0.00       0.10 f
  U14188/Y (INVx1_ASAP7_75t_R)                            7.36       7.46 r
  U22605/Y (HB1xp67_ASAP7_75t_R)                         81.02      88.47 r
  U24073/Y (NOR2xp33_ASAP7_75t_R)                        55.78     144.25 f
  n0/mult_194/S3_2_3/CON (FAx1_ASAP7_75t_R)              33.49     177.74 r
  U14172/Y (INVx1_ASAP7_75t_R)                           21.46     199.20 f
  n0/mult_194/S3_3_3/CON (FAx1_ASAP7_75t_R)              25.56     224.76 r
  U14164/Y (INVx1_ASAP7_75t_R)                           21.46     246.23 f
  n0/mult_194/S3_4_3/CON (FAx1_ASAP7_75t_R)              25.56     271.79 r
  U14157/Y (INVx1_ASAP7_75t_R)                           21.46     293.26 f
  n0/mult_194/S3_5_3/CON (FAx1_ASAP7_75t_R)              25.56     318.82 r
  U14149/Y (INVx1_ASAP7_75t_R)                           21.46     340.28 f
  n0/mult_194/S3_6_3/CON (FAx1_ASAP7_75t_R)              25.56     365.85 r
  U14142/Y (INVx1_ASAP7_75t_R)                           21.46     387.31 f
  n0/mult_194/S3_7_3/CON (FAx1_ASAP7_75t_R)              25.56     412.87 r
  U14134/Y (INVx1_ASAP7_75t_R)                           21.46     434.34 f
  n0/mult_194/S3_8_3/CON (FAx1_ASAP7_75t_R)              25.56     459.90 r
  U14127/Y (INVx1_ASAP7_75t_R)                           21.46     481.36 f
  n0/mult_194/S3_9_3/CON (FAx1_ASAP7_75t_R)              25.56     506.93 r
  U14119/Y (INVx1_ASAP7_75t_R)                           21.46     528.39 f
  n0/mult_194/S3_10_3/CON (FAx1_ASAP7_75t_R)             25.56     553.95 r
  U14111/Y (INVx1_ASAP7_75t_R)                           21.46     575.42 f
  n0/mult_194/S3_11_3/CON (FAx1_ASAP7_75t_R)             25.56     600.98 r
  U14104/Y (INVx1_ASAP7_75t_R)                           21.80     622.78 f
  n0/mult_194/S3_12_3/CON (FAx1_ASAP7_75t_R)             25.69     648.47 r
  n0/mult_194/S3_12_3/SN (FAx1_ASAP7_75t_R)              18.12     666.59 f
  U14103/Y (INVx1_ASAP7_75t_R)                           18.90     685.49 r
  n0/mult_194/S2_13_2/SN (FAx1_ASAP7_75t_R)              39.55     725.05 f
  U14102/Y (INVx1_ASAP7_75t_R)                           18.32     743.37 r
  n0/mult_194/S2_14_1/SN (FAx1_ASAP7_75t_R)              39.36     782.73 f
  U14101/Y (INVx1_ASAP7_75t_R)                           18.32     801.05 r
  n0/mult_194/S4_0/CON (FAx1_ASAP7_75t_R)                27.09     828.14 f
  n0/mult_194/S4_0/SN (FAx1_ASAP7_75t_R)                 24.16     852.30 r
  U21393/Y (NOR2xp33_ASAP7_75t_R)                        35.63     887.93 f
  U20209/Y (AO21x1_ASAP7_75t_R)                          32.31     920.24 f
  U20701/Y (NOR3xp33_ASAP7_75t_R)                        35.13     955.36 r
  U20206/Y (AO21x1_ASAP7_75t_R)                          32.73     988.09 r
  U20665/Y (AOI21xp5_ASAP7_75t_R)                        17.84    1005.93 f
  U20201/Y (OAI221xp5_ASAP7_75t_R)                       37.27    1043.19 r
  U20200/SN (FAx1_ASAP7_75t_R)                           47.99    1091.19 f
  U7324/Y (OAI22xp5_ASAP7_75t_R)                         20.89    1112.08 r
  n0/wmul69_reg[19]/D (DFFHQNx1_ASAP7_75t_R)              0.00    1112.08 r
  data arrival time                                               1112.08

  clock clk (rise edge)                                2000.00    2000.00
  clock network delay (ideal)                             0.00    2000.00
  clock uncertainty                                      -0.01    1999.99
  n0/wmul69_reg[19]/CLK (DFFHQNx1_ASAP7_75t_R)            0.00    1999.99 r
  library setup time                                    -13.35    1986.64
  data required time                                              1986.64
  --------------------------------------------------------------------------
  data required time                                              1986.64
  data arrival time                                              -1112.08
  --------------------------------------------------------------------------
  slack (MET)                                                      874.55


  Startpoint: w49[4] (input port clocked by clk)
  Endpoint: n0/wmul49_reg[19]
            (rising edge-triggered flip-flop clocked by clk)
  Path Group: clk
  Path Type: max

  Point                                                   Incr       Path
  --------------------------------------------------------------------------
  clock clk (rise edge)                                   0.00       0.00
  clock network delay (ideal)                             0.00       0.00
  input external delay                                    0.10       0.10 f
  w49[4] (in)                                             0.00       0.10 f
  U13378/Y (INVx1_ASAP7_75t_R)                            7.36       7.46 r
  U22603/Y (HB1xp67_ASAP7_75t_R)                         81.02      88.47 r
  U24067/Y (NOR2xp33_ASAP7_75t_R)                        55.78     144.25 f
  n0/mult_192/S3_2_3/CON (FAx1_ASAP7_75t_R)              33.49     177.74 r
  U13362/Y (INVx1_ASAP7_75t_R)                           21.46     199.20 f
  n0/mult_192/S3_3_3/CON (FAx1_ASAP7_75t_R)              25.56     224.76 r
  U13354/Y (INVx1_ASAP7_75t_R)                           21.46     246.23 f
  n0/mult_192/S3_4_3/CON (FAx1_ASAP7_75t_R)              25.56     271.79 r
  U13347/Y (INVx1_ASAP7_75t_R)                           21.46     293.26 f
  n0/mult_192/S3_5_3/CON (FAx1_ASAP7_75t_R)              25.56     318.82 r
  U13339/Y (INVx1_ASAP7_75t_R)                           21.46     340.28 f
  n0/mult_192/S3_6_3/CON (FAx1_ASAP7_75t_R)              25.56     365.85 r
  U13332/Y (INVx1_ASAP7_75t_R)                           21.46     387.31 f
  n0/mult_192/S3_7_3/CON (FAx1_ASAP7_75t_R)              25.56     412.87 r
  U13324/Y (INVx1_ASAP7_75t_R)                           21.46     434.34 f
  n0/mult_192/S3_8_3/CON (FAx1_ASAP7_75t_R)              25.56     459.90 r
  U13317/Y (INVx1_ASAP7_75t_R)                           21.46     481.36 f
  n0/mult_192/S3_9_3/CON (FAx1_ASAP7_75t_R)              25.56     506.93 r
  U13309/Y (INVx1_ASAP7_75t_R)                           21.46     528.39 f
  n0/mult_192/S3_10_3/CON (FAx1_ASAP7_75t_R)             25.56     553.95 r
  U13301/Y (INVx1_ASAP7_75t_R)                           21.46     575.42 f
  n0/mult_192/S3_11_3/CON (FAx1_ASAP7_75t_R)             25.56     600.98 r
  U13294/Y (INVx1_ASAP7_75t_R)                           21.80     622.78 f
  n0/mult_192/S3_12_3/CON (FAx1_ASAP7_75t_R)             25.69     648.47 r
  n0/mult_192/S3_12_3/SN (FAx1_ASAP7_75t_R)              18.12     666.59 f
  U13293/Y (INVx1_ASAP7_75t_R)                           18.90     685.49 r
  n0/mult_192/S2_13_2/SN (FAx1_ASAP7_75t_R)              39.55     725.05 f
  U13292/Y (INVx1_ASAP7_75t_R)                           18.32     743.37 r
  n0/mult_192/S2_14_1/SN (FAx1_ASAP7_75t_R)              39.36     782.73 f
  U13291/Y (INVx1_ASAP7_75t_R)                           18.32     801.05 r
  n0/mult_192/S4_0/CON (FAx1_ASAP7_75t_R)                27.09     828.14 f
  n0/mult_192/S4_0/SN (FAx1_ASAP7_75t_R)                 24.16     852.30 r
  U21391/Y (NOR2xp33_ASAP7_75t_R)                        35.63     887.93 f
  U20165/Y (AO21x1_ASAP7_75t_R)                          32.31     920.24 f
  U20699/Y (NOR3xp33_ASAP7_75t_R)                        35.13     955.36 r
  U20162/Y (AO21x1_ASAP7_75t_R)                          32.73     988.09 r
  U20663/Y (AOI21xp5_ASAP7_75t_R)                        17.84    1005.93 f
  U20157/Y (OAI221xp5_ASAP7_75t_R)                       37.27    1043.19 r
  U20156/SN (FAx1_ASAP7_75t_R)                           47.99    1091.19 f
  U7236/Y (OAI22xp5_ASAP7_75t_R)                         20.89    1112.08 r
  n0/wmul49_reg[19]/D (DFFHQNx1_ASAP7_75t_R)              0.00    1112.08 r
  data arrival time                                               1112.08

  clock clk (rise edge)                                2000.00    2000.00
  clock network delay (ideal)                             0.00    2000.00
  clock uncertainty                                      -0.01    1999.99
  n0/wmul49_reg[19]/CLK (DFFHQNx1_ASAP7_75t_R)            0.00    1999.99 r
  library setup time                                    -13.35    1986.64
  data required time                                              1986.64
  --------------------------------------------------------------------------
  data required time                                              1986.64
  data arrival time                                              -1112.08
  --------------------------------------------------------------------------
  slack (MET)                                                      874.55


  Startpoint: w48[4] (input port clocked by clk)
  Endpoint: n0/wmul48_reg[19]
            (rising edge-triggered flip-flop clocked by clk)
  Path Group: clk
  Path Type: max

  Point                                                   Incr       Path
  --------------------------------------------------------------------------
  clock clk (rise edge)                                   0.00       0.00
  clock network delay (ideal)                             0.00       0.00
  input external delay                                    0.10       0.10 f
  w48[4] (in)                                             0.00       0.10 f
  U11758/Y (INVx1_ASAP7_75t_R)                            7.36       7.46 r
  U22599/Y (HB1xp67_ASAP7_75t_R)                         81.02      88.47 r
  U24055/Y (NOR2xp33_ASAP7_75t_R)                        55.78     144.25 f
  n0/mult_187/S3_2_3/CON (FAx1_ASAP7_75t_R)              33.49     177.74 r
  U11742/Y (INVx1_ASAP7_75t_R)                           21.46     199.20 f
  n0/mult_187/S3_3_3/CON (FAx1_ASAP7_75t_R)              25.56     224.76 r
  U11734/Y (INVx1_ASAP7_75t_R)                           21.46     246.23 f
  n0/mult_187/S3_4_3/CON (FAx1_ASAP7_75t_R)              25.56     271.79 r
  U11727/Y (INVx1_ASAP7_75t_R)                           21.46     293.26 f
  n0/mult_187/S3_5_3/CON (FAx1_ASAP7_75t_R)              25.56     318.82 r
  U11719/Y (INVx1_ASAP7_75t_R)                           21.46     340.28 f
  n0/mult_187/S3_6_3/CON (FAx1_ASAP7_75t_R)              25.56     365.85 r
  U11712/Y (INVx1_ASAP7_75t_R)                           21.46     387.31 f
  n0/mult_187/S3_7_3/CON (FAx1_ASAP7_75t_R)              25.56     412.87 r
  U11704/Y (INVx1_ASAP7_75t_R)                           21.46     434.34 f
  n0/mult_187/S3_8_3/CON (FAx1_ASAP7_75t_R)              25.56     459.90 r
  U11697/Y (INVx1_ASAP7_75t_R)                           21.46     481.36 f
  n0/mult_187/S3_9_3/CON (FAx1_ASAP7_75t_R)              25.56     506.93 r
  U11689/Y (INVx1_ASAP7_75t_R)                           21.46     528.39 f
  n0/mult_187/S3_10_3/CON (FAx1_ASAP7_75t_R)             25.56     553.95 r
  U11681/Y (INVx1_ASAP7_75t_R)                           21.46     575.42 f
  n0/mult_187/S3_11_3/CON (FAx1_ASAP7_75t_R)             25.56     600.98 r
  U11674/Y (INVx1_ASAP7_75t_R)                           21.80     622.78 f
  n0/mult_187/S3_12_3/CON (FAx1_ASAP7_75t_R)             25.69     648.47 r
  n0/mult_187/S3_12_3/SN (FAx1_ASAP7_75t_R)              18.12     666.59 f
  U11673/Y (INVx1_ASAP7_75t_R)                           18.90     685.49 r
  n0/mult_187/S2_13_2/SN (FAx1_ASAP7_75t_R)              39.55     725.05 f
  U11672/Y (INVx1_ASAP7_75t_R)                           18.32     743.37 r
  n0/mult_187/S2_14_1/SN (FAx1_ASAP7_75t_R)              39.36     782.73 f
  U11671/Y (INVx1_ASAP7_75t_R)                           18.32     801.05 r
  n0/mult_187/S4_0/CON (FAx1_ASAP7_75t_R)                27.09     828.14 f
  n0/mult_187/S4_0/SN (FAx1_ASAP7_75t_R)                 24.16     852.30 r
  U21387/Y (NOR2xp33_ASAP7_75t_R)                        35.63     887.93 f
  U20076/Y (AO21x1_ASAP7_75t_R)                          32.31     920.24 f
  U20695/Y (NOR3xp33_ASAP7_75t_R)                        35.13     955.36 r
  U20073/Y (AO21x1_ASAP7_75t_R)                          32.73     988.09 r
  U20659/Y (AOI21xp5_ASAP7_75t_R)                        17.84    1005.93 f
  U20068/Y (OAI221xp5_ASAP7_75t_R)                       37.27    1043.19 r
  U20067/SN (FAx1_ASAP7_75t_R)                           47.99    1091.19 f
  U7059/Y (OAI22xp5_ASAP7_75t_R)                         20.89    1112.08 r
  n0/wmul48_reg[19]/D (DFFHQNx1_ASAP7_75t_R)              0.00    1112.08 r
  data arrival time                                               1112.08

  clock clk (rise edge)                                2000.00    2000.00
  clock network delay (ideal)                             0.00    2000.00
  clock uncertainty                                      -0.01    1999.99
  n0/wmul48_reg[19]/CLK (DFFHQNx1_ASAP7_75t_R)            0.00    1999.99 r
  library setup time                                    -13.35    1986.64
  data required time                                              1986.64
  --------------------------------------------------------------------------
  data required time                                              1986.64
  data arrival time                                              -1112.08
  --------------------------------------------------------------------------
  slack (MET)                                                      874.55


  Startpoint: w78[4] (input port clocked by clk)
  Endpoint: n0/wmul78_reg[19]
            (rising edge-triggered flip-flop clocked by clk)
  Path Group: clk
  Path Type: max

  Point                                                   Incr       Path
  --------------------------------------------------------------------------
  clock clk (rise edge)                                   0.00       0.00
  clock network delay (ideal)                             0.00       0.00
  input external delay                                    0.10       0.10 f
  w78[4] (in)                                             0.00       0.10 f
  U12973/Y (INVx1_ASAP7_75t_R)                            7.36       7.46 r
  U22602/Y (HB1xp67_ASAP7_75t_R)                         81.02      88.47 r
  U24064/Y (NOR2xp33_ASAP7_75t_R)                        55.78     144.25 f
  n0/mult_190/S3_2_3/CON (FAx1_ASAP7_75t_R)              33.49     177.74 r
  U12957/Y (INVx1_ASAP7_75t_R)                           21.46     199.20 f
  n0/mult_190/S3_3_3/CON (FAx1_ASAP7_75t_R)              25.56     224.76 r
  U12949/Y (INVx1_ASAP7_75t_R)                           21.46     246.23 f
  n0/mult_190/S3_4_3/CON (FAx1_ASAP7_75t_R)              25.56     271.79 r
  U12942/Y (INVx1_ASAP7_75t_R)                           21.46     293.26 f
  n0/mult_190/S3_5_3/CON (FAx1_ASAP7_75t_R)              25.56     318.82 r
  U12934/Y (INVx1_ASAP7_75t_R)                           21.46     340.28 f
  n0/mult_190/S3_6_3/CON (FAx1_ASAP7_75t_R)              25.56     365.85 r
  U12927/Y (INVx1_ASAP7_75t_R)                           21.46     387.31 f
  n0/mult_190/S3_7_3/CON (FAx1_ASAP7_75t_R)              25.56     412.87 r
  U12919/Y (INVx1_ASAP7_75t_R)                           21.46     434.34 f
  n0/mult_190/S3_8_3/CON (FAx1_ASAP7_75t_R)              25.56     459.90 r
  U12912/Y (INVx1_ASAP7_75t_R)                           21.46     481.36 f
  n0/mult_190/S3_9_3/CON (FAx1_ASAP7_75t_R)              25.56     506.93 r
  U12904/Y (INVx1_ASAP7_75t_R)                           21.46     528.39 f
  n0/mult_190/S3_10_3/CON (FAx1_ASAP7_75t_R)             25.56     553.95 r
  U12896/Y (INVx1_ASAP7_75t_R)                           21.46     575.42 f
  n0/mult_190/S3_11_3/CON (FAx1_ASAP7_75t_R)             25.56     600.98 r
  U12889/Y (INVx1_ASAP7_75t_R)                           21.80     622.78 f
  n0/mult_190/S3_12_3/CON (FAx1_ASAP7_75t_R)             25.69     648.47 r
  n0/mult_190/S3_12_3/SN (FAx1_ASAP7_75t_R)              18.12     666.59 f
  U12888/Y (INVx1_ASAP7_75t_R)                           18.90     685.49 r
  n0/mult_190/S2_13_2/SN (FAx1_ASAP7_75t_R)              39.55     725.05 f
  U12887/Y (INVx1_ASAP7_75t_R)                           18.32     743.37 r
  n0/mult_190/S2_14_1/SN (FAx1_ASAP7_75t_R)              39.36     782.73 f
  U12886/Y (INVx1_ASAP7_75t_R)                           18.32     801.05 r
  n0/mult_190/S4_0/CON (FAx1_ASAP7_75t_R)                27.09     828.14 f
  n0/mult_190/S4_0/SN (FAx1_ASAP7_75t_R)                 24.16     852.30 r
  U21390/Y (NOR2xp33_ASAP7_75t_R)                        35.63     887.93 f
  U20142/Y (AO21x1_ASAP7_75t_R)                          32.31     920.24 f
  U20698/Y (NOR3xp33_ASAP7_75t_R)                        35.13     955.36 r
  U20139/Y (AO21x1_ASAP7_75t_R)                          32.73     988.09 r
  U20662/Y (AOI21xp5_ASAP7_75t_R)                        17.84    1005.93 f
  U20134/Y (OAI221xp5_ASAP7_75t_R)                       37.27    1043.19 r
  U20133/SN (FAx1_ASAP7_75t_R)                           47.99    1091.19 f
  U7191/Y (OAI22xp5_ASAP7_75t_R)                         20.89    1112.08 r
  n0/wmul78_reg[19]/D (DFFHQNx1_ASAP7_75t_R)              0.00    1112.08 r
  data arrival time                                               1112.08

  clock clk (rise edge)                                2000.00    2000.00
  clock network delay (ideal)                             0.00    2000.00
  clock uncertainty                                      -0.01    1999.99
  n0/wmul78_reg[19]/CLK (DFFHQNx1_ASAP7_75t_R)            0.00    1999.99 r
  library setup time                                    -13.35    1986.64
  data required time                                              1986.64
  --------------------------------------------------------------------------
  data required time                                              1986.64
  data arrival time                                              -1112.08
  --------------------------------------------------------------------------
  slack (MET)                                                      874.56


  Startpoint: w58[4] (input port clocked by clk)
  Endpoint: n0/wmul58_reg[19]
            (rising edge-triggered flip-flop clocked by clk)
  Path Group: clk
  Path Type: max

  Point                                                   Incr       Path
  --------------------------------------------------------------------------
  clock clk (rise edge)                                   0.00       0.00
  clock network delay (ideal)                             0.00       0.00
  input external delay                                    0.10       0.10 f
  w58[4] (in)                                             0.00       0.10 f
  U12163/Y (INVx1_ASAP7_75t_R)                            7.36       7.46 r
  U22600/Y (HB1xp67_ASAP7_75t_R)                         81.02      88.47 r
  U24058/Y (NOR2xp33_ASAP7_75t_R)                        55.78     144.25 f
  n0/mult_188/S3_2_3/CON (FAx1_ASAP7_75t_R)              33.49     177.74 r
  U12147/Y (INVx1_ASAP7_75t_R)                           21.46     199.20 f
  n0/mult_188/S3_3_3/CON (FAx1_ASAP7_75t_R)              25.56     224.76 r
  U12139/Y (INVx1_ASAP7_75t_R)                           21.46     246.23 f
  n0/mult_188/S3_4_3/CON (FAx1_ASAP7_75t_R)              25.56     271.79 r
  U12132/Y (INVx1_ASAP7_75t_R)                           21.46     293.26 f
  n0/mult_188/S3_5_3/CON (FAx1_ASAP7_75t_R)              25.56     318.82 r
  U12124/Y (INVx1_ASAP7_75t_R)                           21.46     340.28 f
  n0/mult_188/S3_6_3/CON (FAx1_ASAP7_75t_R)              25.56     365.85 r
  U12117/Y (INVx1_ASAP7_75t_R)                           21.46     387.31 f
  n0/mult_188/S3_7_3/CON (FAx1_ASAP7_75t_R)              25.56     412.87 r
  U12109/Y (INVx1_ASAP7_75t_R)                           21.46     434.34 f
  n0/mult_188/S3_8_3/CON (FAx1_ASAP7_75t_R)              25.56     459.90 r
  U12102/Y (INVx1_ASAP7_75t_R)                           21.46     481.36 f
  n0/mult_188/S3_9_3/CON (FAx1_ASAP7_75t_R)              25.56     506.93 r
  U12094/Y (INVx1_ASAP7_75t_R)                           21.46     528.39 f
  n0/mult_188/S3_10_3/CON (FAx1_ASAP7_75t_R)             25.56     553.95 r
  U12086/Y (INVx1_ASAP7_75t_R)                           21.46     575.42 f
  n0/mult_188/S3_11_3/CON (FAx1_ASAP7_75t_R)             25.56     600.98 r
  U12079/Y (INVx1_ASAP7_75t_R)                           21.80     622.78 f
  n0/mult_188/S3_12_3/CON (FAx1_ASAP7_75t_R)             25.69     648.47 r
  n0/mult_188/S3_12_3/SN (FAx1_ASAP7_75t_R)              18.12     666.59 f
  U12078/Y (INVx1_ASAP7_75t_R)                           18.90     685.49 r
  n0/mult_188/S2_13_2/SN (FAx1_ASAP7_75t_R)              39.55     725.05 f
  U12077/Y (INVx1_ASAP7_75t_R)                           18.32     743.37 r
  n0/mult_188/S2_14_1/SN (FAx1_ASAP7_75t_R)              39.36     782.73 f
  U12076/Y (INVx1_ASAP7_75t_R)                           18.32     801.05 r
  n0/mult_188/S4_0/CON (FAx1_ASAP7_75t_R)                27.09     828.14 f
  n0/mult_188/S4_0/SN (FAx1_ASAP7_75t_R)                 24.16     852.30 r
  U21388/Y (NOR2xp33_ASAP7_75t_R)                        35.63     887.93 f
  U20098/Y (AO21x1_ASAP7_75t_R)                          32.31     920.24 f
  U20696/Y (NOR3xp33_ASAP7_75t_R)                        35.13     955.36 r
  U20095/Y (AO21x1_ASAP7_75t_R)                          32.73     988.09 r
  U20660/Y (AOI21xp5_ASAP7_75t_R)                        17.84    1005.93 f
  U20090/Y (OAI221xp5_ASAP7_75t_R)                       37.27    1043.19 r
  U20089/SN (FAx1_ASAP7_75t_R)                           47.99    1091.19 f
  U7103/Y (OAI22xp5_ASAP7_75t_R)                         20.89    1112.08 r
  n0/wmul58_reg[19]/D (DFFHQNx1_ASAP7_75t_R)              0.00    1112.08 r
  data arrival time                                               1112.08

  clock clk (rise edge)                                2000.00    2000.00
  clock network delay (ideal)                             0.00    2000.00
  clock uncertainty                                      -0.01    1999.99
  n0/wmul58_reg[19]/CLK (DFFHQNx1_ASAP7_75t_R)            0.00    1999.99 r
  library setup time                                    -13.35    1986.64
  data required time                                              1986.64
  --------------------------------------------------------------------------
  data required time                                              1986.64
  data arrival time                                              -1112.08
  --------------------------------------------------------------------------
  slack (MET)                                                      874.56


  Startpoint: w59[4] (input port clocked by clk)
  Endpoint: n0/wmul59_reg[19]
            (rising edge-triggered flip-flop clocked by clk)
  Path Group: clk
  Path Type: max

  Point                                                   Incr       Path
  --------------------------------------------------------------------------
  clock clk (rise edge)                                   0.00       0.00
  clock network delay (ideal)                             0.00       0.00
  input external delay                                    0.10       0.10 f
  w59[4] (in)                                             0.00       0.10 f
  U13783/Y (INVx1_ASAP7_75t_R)                            7.36       7.46 r
  U22604/Y (HB1xp67_ASAP7_75t_R)                         81.02      88.47 r
  U24070/Y (NOR2xp33_ASAP7_75t_R)                        55.78     144.25 f
  n0/mult_193/S3_2_3/CON (FAx1_ASAP7_75t_R)              33.49     177.74 r
  U13767/Y (INVx1_ASAP7_75t_R)                           21.46     199.20 f
  n0/mult_193/S3_3_3/CON (FAx1_ASAP7_75t_R)              25.56     224.76 r
  U13759/Y (INVx1_ASAP7_75t_R)                           21.46     246.23 f
  n0/mult_193/S3_4_3/CON (FAx1_ASAP7_75t_R)              25.56     271.79 r
  U13752/Y (INVx1_ASAP7_75t_R)                           21.46     293.26 f
  n0/mult_193/S3_5_3/CON (FAx1_ASAP7_75t_R)              25.56     318.82 r
  U13744/Y (INVx1_ASAP7_75t_R)                           21.46     340.28 f
  n0/mult_193/S3_6_3/CON (FAx1_ASAP7_75t_R)              25.56     365.85 r
  U13737/Y (INVx1_ASAP7_75t_R)                           21.46     387.31 f
  n0/mult_193/S3_7_3/CON (FAx1_ASAP7_75t_R)              25.56     412.87 r
  U13729/Y (INVx1_ASAP7_75t_R)                           21.46     434.34 f
  n0/mult_193/S3_8_3/CON (FAx1_ASAP7_75t_R)              25.56     459.90 r
  U13722/Y (INVx1_ASAP7_75t_R)                           21.46     481.36 f
  n0/mult_193/S3_9_3/CON (FAx1_ASAP7_75t_R)              25.56     506.93 r
  U13714/Y (INVx1_ASAP7_75t_R)                           21.46     528.39 f
  n0/mult_193/S3_10_3/CON (FAx1_ASAP7_75t_R)             25.56     553.95 r
  U13706/Y (INVx1_ASAP7_75t_R)                           21.46     575.42 f
  n0/mult_193/S3_11_3/CON (FAx1_ASAP7_75t_R)             25.56     600.98 r
  U13699/Y (INVx1_ASAP7_75t_R)                           21.80     622.78 f
  n0/mult_193/S3_12_3/CON (FAx1_ASAP7_75t_R)             25.69     648.47 r
  n0/mult_193/S3_12_3/SN (FAx1_ASAP7_75t_R)              18.12     666.59 f
  U13698/Y (INVx1_ASAP7_75t_R)                           18.90     685.49 r
  n0/mult_193/S2_13_2/SN (FAx1_ASAP7_75t_R)              39.55     725.05 f
  U13697/Y (INVx1_ASAP7_75t_R)                           18.32     743.37 r
  n0/mult_193/S2_14_1/SN (FAx1_ASAP7_75t_R)              39.36     782.73 f
  U13696/Y (INVx1_ASAP7_75t_R)                           18.32     801.05 r
  n0/mult_193/S4_0/CON (FAx1_ASAP7_75t_R)                27.09     828.14 f
  n0/mult_193/S4_0/SN (FAx1_ASAP7_75t_R)                 24.16     852.30 r
  U21392/Y (NOR2xp33_ASAP7_75t_R)                        35.63     887.93 f
  U20187/Y (AO21x1_ASAP7_75t_R)                          32.31     920.24 f
  U20700/Y (NOR3xp33_ASAP7_75t_R)                        35.13     955.36 r
  U20184/Y (AO21x1_ASAP7_75t_R)                          32.73     988.09 r
  U20664/Y (AOI21xp5_ASAP7_75t_R)                        17.84    1005.93 f
  U20179/Y (OAI221xp5_ASAP7_75t_R)                       37.27    1043.19 r
  U20178/SN (FAx1_ASAP7_75t_R)                           47.99    1091.19 f
  U7280/Y (OAI22xp5_ASAP7_75t_R)                         20.89    1112.08 r
  n0/wmul59_reg[19]/D (DFFHQNx1_ASAP7_75t_R)              0.00    1112.08 r
  data arrival time                                               1112.08

  clock clk (rise edge)                                2000.00    2000.00
  clock network delay (ideal)                             0.00    2000.00
  clock uncertainty                                      -0.01    1999.99
  n0/wmul59_reg[19]/CLK (DFFHQNx1_ASAP7_75t_R)            0.00    1999.99 r
  library setup time                                    -13.35    1986.64
  data required time                                              1986.64
  --------------------------------------------------------------------------
  data required time                                              1986.64
  data arrival time                                              -1112.08
  --------------------------------------------------------------------------
  slack (MET)                                                      874.56


  Startpoint: w68[4] (input port clocked by clk)
  Endpoint: n0/wmul68_reg[19]
            (rising edge-triggered flip-flop clocked by clk)
  Path Group: clk
  Path Type: max

  Point                                                   Incr       Path
  --------------------------------------------------------------------------
  clock clk (rise edge)                                   0.00       0.00
  clock network delay (ideal)                             0.00       0.00
  input external delay                                    0.10       0.10 f
  w68[4] (in)                                             0.00       0.10 f
  U12568/Y (INVx1_ASAP7_75t_R)                            7.36       7.46 r
  U22601/Y (HB1xp67_ASAP7_75t_R)                         81.02      88.47 r
  U24061/Y (NOR2xp33_ASAP7_75t_R)                        55.78     144.25 f
  n0/mult_189/S3_2_3/CON (FAx1_ASAP7_75t_R)              33.49     177.74 r
  U12552/Y (INVx1_ASAP7_75t_R)                           21.46     199.20 f
  n0/mult_189/S3_3_3/CON (FAx1_ASAP7_75t_R)              25.56     224.76 r
  U12544/Y (INVx1_ASAP7_75t_R)                           21.46     246.23 f
  n0/mult_189/S3_4_3/CON (FAx1_ASAP7_75t_R)              25.56     271.79 r
  U12537/Y (INVx1_ASAP7_75t_R)                           21.46     293.26 f
  n0/mult_189/S3_5_3/CON (FAx1_ASAP7_75t_R)              25.56     318.82 r
  U12529/Y (INVx1_ASAP7_75t_R)                           21.46     340.28 f
  n0/mult_189/S3_6_3/CON (FAx1_ASAP7_75t_R)              25.56     365.85 r
  U12522/Y (INVx1_ASAP7_75t_R)                           21.46     387.31 f
  n0/mult_189/S3_7_3/CON (FAx1_ASAP7_75t_R)              25.56     412.87 r
  U12514/Y (INVx1_ASAP7_75t_R)                           21.46     434.34 f
  n0/mult_189/S3_8_3/CON (FAx1_ASAP7_75t_R)              25.56     459.90 r
  U12507/Y (INVx1_ASAP7_75t_R)                           21.46     481.36 f
  n0/mult_189/S3_9_3/CON (FAx1_ASAP7_75t_R)              25.56     506.93 r
  U12499/Y (INVx1_ASAP7_75t_R)                           21.46     528.39 f
  n0/mult_189/S3_10_3/CON (FAx1_ASAP7_75t_R)             25.56     553.95 r
  U12491/Y (INVx1_ASAP7_75t_R)                           21.46     575.42 f
  n0/mult_189/S3_11_3/CON (FAx1_ASAP7_75t_R)             25.56     600.98 r
  U12484/Y (INVx1_ASAP7_75t_R)                           21.80     622.78 f
  n0/mult_189/S3_12_3/CON (FAx1_ASAP7_75t_R)             25.69     648.47 r
  n0/mult_189/S3_12_3/SN (FAx1_ASAP7_75t_R)              18.12     666.59 f
  U12483/Y (INVx1_ASAP7_75t_R)                           18.90     685.49 r
  n0/mult_189/S2_13_2/SN (FAx1_ASAP7_75t_R)              39.55     725.05 f
  U12482/Y (INVx1_ASAP7_75t_R)                           18.32     743.37 r
  n0/mult_189/S2_14_1/SN (FAx1_ASAP7_75t_R)              39.36     782.73 f
  U12481/Y (INVx1_ASAP7_75t_R)                           18.32     801.05 r
  n0/mult_189/S4_0/CON (FAx1_ASAP7_75t_R)                27.09     828.14 f
  n0/mult_189/S4_0/SN (FAx1_ASAP7_75t_R)                 24.16     852.30 r
  U21389/Y (NOR2xp33_ASAP7_75t_R)                        35.63     887.93 f
  U20120/Y (AO21x1_ASAP7_75t_R)                          32.31     920.24 f
  U20697/Y (NOR3xp33_ASAP7_75t_R)                        35.13     955.36 r
  U20117/Y (AO21x1_ASAP7_75t_R)                          32.73     988.09 r
  U20661/Y (AOI21xp5_ASAP7_75t_R)                        17.84    1005.93 f
  U20112/Y (OAI221xp5_ASAP7_75t_R)                       37.27    1043.19 r
  U20111/SN (FAx1_ASAP7_75t_R)                           47.99    1091.19 f
  U7147/Y (OAI22xp5_ASAP7_75t_R)                         20.89    1112.08 r
  n0/wmul68_reg[19]/D (DFFHQNx1_ASAP7_75t_R)              0.00    1112.08 r
  data arrival time                                               1112.08

  clock clk (rise edge)                                2000.00    2000.00
  clock network delay (ideal)                             0.00    2000.00
  clock uncertainty                                      -0.01    1999.99
  n0/wmul68_reg[19]/CLK (DFFHQNx1_ASAP7_75t_R)            0.00    1999.99 r
  library setup time                                    -13.31    1986.68
  data required time                                              1986.68
  --------------------------------------------------------------------------
  data required time                                              1986.68
  data arrival time                                              -1112.08
  --------------------------------------------------------------------------
  slack (MET)                                                      874.59


  Startpoint: n2/a5_reg[0]
              (rising edge-triggered flip-flop clocked by clk)
  Endpoint: n2/wmul58_reg[19]
            (rising edge-triggered flip-flop clocked by clk)
  Path Group: clk
  Path Type: max

  Point                                                   Incr       Path
  --------------------------------------------------------------------------
  clock clk (rise edge)                                   0.00       0.00
  clock network delay (ideal)                             0.00       0.00
  n2/a5_reg[0]/CLK (DFFHQNx1_ASAP7_75t_R)                 0.00 #     0.00 r
  n2/a5_reg[0]/QN (DFFHQNx1_ASAP7_75t_R)                 72.46      72.46 f
  U16697/Y (INVx1_ASAP7_75t_R)                           25.32      97.78 r
  U3626/Y (NAND2xp5_ASAP7_75t_R)                         20.97     118.75 f
  U24012/Y (NOR3xp33_ASAP7_75t_R)                        37.79     156.54 r
  n2/mult_188/S3_2_3/SN (FAx1_ASAP7_75t_R)               52.52     209.06 f
  U11963/Y (INVx1_ASAP7_75t_R)                           18.90     227.97 r
  n2/mult_188/S2_3_2/SN (FAx1_ASAP7_75t_R)               37.37     265.33 r
  U11962/Y (INVx1_ASAP7_75t_R)                           18.13     283.46 f
  n2/mult_188/S2_4_1/CON (FAx1_ASAP7_75t_R)              22.21     305.67 r
  U11959/Y (INVx1_ASAP7_75t_R)                           20.29     325.97 f
  n2/mult_188/S2_5_1/CON (FAx1_ASAP7_75t_R)              25.14     351.10 r
  U11951/Y (INVx1_ASAP7_75t_R)                           20.29     371.40 f
  n2/mult_188/S2_6_1/CON (FAx1_ASAP7_75t_R)              25.14     396.54 r
  U11944/Y (INVx1_ASAP7_75t_R)                           20.29     416.83 f
  n2/mult_188/S2_7_1/CON (FAx1_ASAP7_75t_R)              25.14     441.97 r
  U11936/Y (INVx1_ASAP7_75t_R)                           20.29     462.26 f
  n2/mult_188/S2_8_1/CON (FAx1_ASAP7_75t_R)              25.14     487.40 r
  U11929/Y (INVx1_ASAP7_75t_R)                           20.29     507.69 f
  n2/mult_188/S2_9_1/CON (FAx1_ASAP7_75t_R)              25.14     532.83 r
  U11921/Y (INVx1_ASAP7_75t_R)                           20.29     553.12 f
  n2/mult_188/S2_10_1/CON (FAx1_ASAP7_75t_R)             25.14     578.26 r
  U11914/Y (INVx1_ASAP7_75t_R)                           20.29     598.56 f
  n2/mult_188/S2_11_1/CON (FAx1_ASAP7_75t_R)             25.14     623.69 r
  U11906/Y (INVx1_ASAP7_75t_R)                           20.29     643.99 f
  n2/mult_188/S2_12_1/CON (FAx1_ASAP7_75t_R)             25.14     669.13 r
  U11898/Y (INVx1_ASAP7_75t_R)                           20.29     689.42 f
  n2/mult_188/S2_13_1/CON (FAx1_ASAP7_75t_R)             25.14     714.56 r
  U11891/Y (INVx1_ASAP7_75t_R)                           20.29     734.85 f
  n2/mult_188/S2_14_1/CON (FAx1_ASAP7_75t_R)             25.14     759.99 r
  n2/mult_188/S2_14_1/SN (FAx1_ASAP7_75t_R)              17.49     777.48 f
  U11886/Y (INVx1_ASAP7_75t_R)                           18.49     795.97 r
  n2/mult_188/S4_0/CON (FAx1_ASAP7_75t_R)                27.15     823.12 f
  n2/mult_188/S4_0/SN (FAx1_ASAP7_75t_R)                 24.16     847.27 r
  U21344/Y (NOR2xp33_ASAP7_75t_R)                        35.63     882.90 f
  U18723/Y (AO21x1_ASAP7_75t_R)                          32.17     915.07 f
  U20676/Y (NOR3xp33_ASAP7_75t_R)                        36.72     951.80 r
  U18722/Y (AO21x1_ASAP7_75t_R)                          32.72     984.51 r
  U20644/Y (AOI21xp5_ASAP7_75t_R)                        17.84    1002.35 f
  U18720/Y (OAI221xp5_ASAP7_75t_R)                       37.27    1039.62 r
  U18719/SN (FAx1_ASAP7_75t_R)                           47.99    1087.61 f
  U2929/Y (OAI22xp5_ASAP7_75t_R)                         20.89    1108.50 r
  n2/wmul58_reg[19]/D (DFFHQNx1_ASAP7_75t_R)              0.00    1108.50 r
  data arrival time                                               1108.50

  clock clk (rise edge)                                2000.00    2000.00
  clock network delay (ideal)                             0.00    2000.00
  clock uncertainty                                      -0.01    1999.99
  n2/wmul58_reg[19]/CLK (DFFHQNx1_ASAP7_75t_R)            0.00    1999.99 r
  library setup time                                    -13.39    1986.60
  data required time                                              1986.60
  --------------------------------------------------------------------------
  data required time                                              1986.60
  data arrival time                                              -1108.50
  --------------------------------------------------------------------------
  slack (MET)                                                      878.10


  Startpoint: n2/a4_reg[0]
              (rising edge-triggered flip-flop clocked by clk)
  Endpoint: n2/wmul48_reg[19]
            (rising edge-triggered flip-flop clocked by clk)
  Path Group: clk
  Path Type: max

  Point                                                   Incr       Path
  --------------------------------------------------------------------------
  clock clk (rise edge)                                   0.00       0.00
  clock network delay (ideal)                             0.00       0.00
  n2/a4_reg[0]/CLK (DFFHQNx1_ASAP7_75t_R)                 0.00 #     0.00 r
  n2/a4_reg[0]/QN (DFFHQNx1_ASAP7_75t_R)                 72.46      72.46 f
  U16713/Y (INVx1_ASAP7_75t_R)                           25.32      97.78 r
  U3708/Y (NAND2xp5_ASAP7_75t_R)                         20.97     118.75 f
  U24009/Y (NOR3xp33_ASAP7_75t_R)                        37.79     156.54 r
  n2/mult_187/S3_2_3/SN (FAx1_ASAP7_75t_R)               52.52     209.06 f
  U11558/Y (INVx1_ASAP7_75t_R)                           18.90     227.97 r
  n2/mult_187/S2_3_2/SN (FAx1_ASAP7_75t_R)               37.37     265.33 r
  U11557/Y (INVx1_ASAP7_75t_R)                           18.13     283.46 f
  n2/mult_187/S2_4_1/CON (FAx1_ASAP7_75t_R)              22.21     305.67 r
  U11554/Y (INVx1_ASAP7_75t_R)                           20.29     325.97 f
  n2/mult_187/S2_5_1/CON (FAx1_ASAP7_75t_R)              25.14     351.10 r
  U11546/Y (INVx1_ASAP7_75t_R)                           20.29     371.40 f
  n2/mult_187/S2_6_1/CON (FAx1_ASAP7_75t_R)              25.14     396.54 r
  U11539/Y (INVx1_ASAP7_75t_R)                           20.29     416.83 f
  n2/mult_187/S2_7_1/CON (FAx1_ASAP7_75t_R)              25.14     441.97 r
  U11531/Y (INVx1_ASAP7_75t_R)                           20.29     462.26 f
  n2/mult_187/S2_8_1/CON (FAx1_ASAP7_75t_R)              25.14     487.40 r
  U11524/Y (INVx1_ASAP7_75t_R)                           20.29     507.69 f
  n2/mult_187/S2_9_1/CON (FAx1_ASAP7_75t_R)              25.14     532.83 r
  U11516/Y (INVx1_ASAP7_75t_R)                           20.29     553.12 f
  n2/mult_187/S2_10_1/CON (FAx1_ASAP7_75t_R)             25.14     578.26 r
  U11509/Y (INVx1_ASAP7_75t_R)                           20.29     598.56 f
  n2/mult_187/S2_11_1/CON (FAx1_ASAP7_75t_R)             25.14     623.69 r
  U11501/Y (INVx1_ASAP7_75t_R)                           20.29     643.99 f
  n2/mult_187/S2_12_1/CON (FAx1_ASAP7_75t_R)             25.14     669.13 r
  U11493/Y (INVx1_ASAP7_75t_R)                           20.29     689.42 f
  n2/mult_187/S2_13_1/CON (FAx1_ASAP7_75t_R)             25.14     714.56 r
  U11486/Y (INVx1_ASAP7_75t_R)                           20.29     734.85 f
  n2/mult_187/S2_14_1/CON (FAx1_ASAP7_75t_R)             25.14     759.99 r
  n2/mult_187/S2_14_1/SN (FAx1_ASAP7_75t_R)              17.49     777.48 f
  U11481/Y (INVx1_ASAP7_75t_R)                           18.49     795.97 r
  n2/mult_187/S4_0/CON (FAx1_ASAP7_75t_R)                27.15     823.12 f
  n2/mult_187/S4_0/SN (FAx1_ASAP7_75t_R)                 24.16     847.27 r
  U21343/Y (NOR2xp33_ASAP7_75t_R)                        35.63     882.90 f
  U18745/Y (AO21x1_ASAP7_75t_R)                          32.17     915.07 f
  U20675/Y (NOR3xp33_ASAP7_75t_R)                        36.72     951.80 r
  U18744/Y (AO21x1_ASAP7_75t_R)                          32.72     984.51 r
  U20643/Y (AOI21xp5_ASAP7_75t_R)                        17.84    1002.35 f
  U18742/Y (OAI221xp5_ASAP7_75t_R)                       37.27    1039.62 r
  U18741/SN (FAx1_ASAP7_75t_R)                           47.99    1087.61 f
  U2973/Y (OAI22xp5_ASAP7_75t_R)                         20.89    1108.50 r
  n2/wmul48_reg[19]/D (DFFHQNx1_ASAP7_75t_R)              0.00    1108.50 r
  data arrival time                                               1108.50

  clock clk (rise edge)                                2000.00    2000.00
  clock network delay (ideal)                             0.00    2000.00
  clock uncertainty                                      -0.01    1999.99
  n2/wmul48_reg[19]/CLK (DFFHQNx1_ASAP7_75t_R)            0.00    1999.99 r
  library setup time                                    -13.39    1986.60
  data required time                                              1986.60
  --------------------------------------------------------------------------
  data required time                                              1986.60
  data arrival time                                              -1108.50
  --------------------------------------------------------------------------
  slack (MET)                                                      878.10


  Startpoint: n1/a5_reg[0]
              (rising edge-triggered flip-flop clocked by clk)
  Endpoint: n1/wmul58_reg[19]
            (rising edge-triggered flip-flop clocked by clk)
  Path Group: clk
  Path Type: max

  Point                                                   Incr       Path
  --------------------------------------------------------------------------
  clock clk (rise edge)                                   0.00       0.00
  clock network delay (ideal)                             0.00       0.00
  n1/a5_reg[0]/CLK (DFFHQNx1_ASAP7_75t_R)                 0.00 #     0.00 r
  n1/a5_reg[0]/QN (DFFHQNx1_ASAP7_75t_R)                 72.46      72.46 f
  U15951/Y (INVx1_ASAP7_75t_R)                           25.32      97.78 r
  U5814/Y (NAND2xp5_ASAP7_75t_R)                         20.97     118.75 f
  U24036/Y (NOR3xp33_ASAP7_75t_R)                        37.79     156.54 r
  n1/mult_188/S3_2_3/SN (FAx1_ASAP7_75t_R)               52.52     209.06 f
  U12058/Y (INVx1_ASAP7_75t_R)                           18.90     227.97 r
  n1/mult_188/S2_3_2/SN (FAx1_ASAP7_75t_R)               37.37     265.33 r
  U12057/Y (INVx1_ASAP7_75t_R)                           18.12     283.46 f
  n1/mult_188/S2_4_1/CON (FAx1_ASAP7_75t_R)              22.21     305.67 r
  U12054/Y (INVx1_ASAP7_75t_R)                           20.29     325.96 f
  n1/mult_188/S2_5_1/CON (FAx1_ASAP7_75t_R)              25.14     351.10 r
  U12046/Y (INVx1_ASAP7_75t_R)                           20.29     371.39 f
  n1/mult_188/S2_6_1/CON (FAx1_ASAP7_75t_R)              25.14     396.53 r
  U12039/Y (INVx1_ASAP7_75t_R)                           20.29     416.82 f
  n1/mult_188/S2_7_1/CON (FAx1_ASAP7_75t_R)              25.14     441.96 r
  U12031/Y (INVx1_ASAP7_75t_R)                           20.29     462.26 f
  n1/mult_188/S2_8_1/CON (FAx1_ASAP7_75t_R)              25.14     487.39 r
  U12024/Y (INVx1_ASAP7_75t_R)                           20.29     507.69 f
  n1/mult_188/S2_9_1/CON (FAx1_ASAP7_75t_R)              25.14     532.83 r
  U12016/Y (INVx1_ASAP7_75t_R)                           20.29     553.12 f
  n1/mult_188/S2_10_1/CON (FAx1_ASAP7_75t_R)             25.14     578.26 r
  U12009/Y (INVx1_ASAP7_75t_R)                           20.29     598.55 f
  n1/mult_188/S2_11_1/CON (FAx1_ASAP7_75t_R)             25.14     623.69 r
  U12001/Y (INVx1_ASAP7_75t_R)                           20.29     643.98 f
  n1/mult_188/S2_12_1/CON (FAx1_ASAP7_75t_R)             25.14     669.12 r
  U11993/Y (INVx1_ASAP7_75t_R)                           20.29     689.41 f
  n1/mult_188/S2_13_1/CON (FAx1_ASAP7_75t_R)             25.14     714.55 r
  U11986/Y (INVx1_ASAP7_75t_R)                           20.29     734.84 f
  n1/mult_188/S2_14_1/CON (FAx1_ASAP7_75t_R)             25.14     759.98 r
  n1/mult_188/S2_14_1/SN (FAx1_ASAP7_75t_R)              17.49     777.47 f
  U11981/Y (INVx1_ASAP7_75t_R)                           18.49     795.97 r
  n1/mult_188/S4_0/CON (FAx1_ASAP7_75t_R)                27.15     823.11 f
  n1/mult_188/S4_0/SN (FAx1_ASAP7_75t_R)                 24.16     847.27 r
  U21352/Y (NOR2xp33_ASAP7_75t_R)                        35.63     882.90 f
  U19398/Y (AO21x1_ASAP7_75t_R)                          32.17     915.07 f
  U20684/Y (NOR3xp33_ASAP7_75t_R)                        36.72     951.79 r
  U19397/Y (AO21x1_ASAP7_75t_R)                          32.72     984.51 r
  U20652/Y (AOI21xp5_ASAP7_75t_R)                        17.84    1002.34 f
  U19395/Y (OAI221xp5_ASAP7_75t_R)                       37.27    1039.61 r
  U19394/SN (FAx1_ASAP7_75t_R)                           47.99    1087.60 f
  U5117/Y (OAI22xp5_ASAP7_75t_R)                         20.89    1108.50 r
  n1/wmul58_reg[19]/D (DFFHQNx1_ASAP7_75t_R)              0.00    1108.50 r
  data arrival time                                               1108.50

  clock clk (rise edge)                                2000.00    2000.00
  clock network delay (ideal)                             0.00    2000.00
  clock uncertainty                                      -0.01    1999.99
  n1/wmul58_reg[19]/CLK (DFFHQNx1_ASAP7_75t_R)            0.00    1999.99 r
  library setup time                                    -13.39    1986.60
  data required time                                              1986.60
  --------------------------------------------------------------------------
  data required time                                              1986.60
  data arrival time                                              -1108.50
  --------------------------------------------------------------------------
  slack (MET)                                                      878.10


  Startpoint: n1/a4_reg[0]
              (rising edge-triggered flip-flop clocked by clk)
  Endpoint: n1/wmul48_reg[19]
            (rising edge-triggered flip-flop clocked by clk)
  Path Group: clk
  Path Type: max

  Point                                                   Incr       Path
  --------------------------------------------------------------------------
  clock clk (rise edge)                                   0.00       0.00
  clock network delay (ideal)                             0.00       0.00
  n1/a4_reg[0]/CLK (DFFHQNx1_ASAP7_75t_R)                 0.00 #     0.00 r
  n1/a4_reg[0]/QN (DFFHQNx1_ASAP7_75t_R)                 72.46      72.46 f
  U15967/Y (INVx1_ASAP7_75t_R)                           25.32      97.78 r
  U5896/Y (NAND2xp5_ASAP7_75t_R)                         20.97     118.75 f
  U24033/Y (NOR3xp33_ASAP7_75t_R)                        37.79     156.54 r
  n1/mult_187/S3_2_3/SN (FAx1_ASAP7_75t_R)               52.52     209.06 f
  U11653/Y (INVx1_ASAP7_75t_R)                           18.90     227.97 r
  n1/mult_187/S2_3_2/SN (FAx1_ASAP7_75t_R)               37.37     265.33 r
  U11652/Y (INVx1_ASAP7_75t_R)                           18.12     283.46 f
  n1/mult_187/S2_4_1/CON (FAx1_ASAP7_75t_R)              22.21     305.67 r
  U11649/Y (INVx1_ASAP7_75t_R)                           20.29     325.96 f
  n1/mult_187/S2_5_1/CON (FAx1_ASAP7_75t_R)              25.14     351.10 r
  U11641/Y (INVx1_ASAP7_75t_R)                           20.29     371.39 f
  n1/mult_187/S2_6_1/CON (FAx1_ASAP7_75t_R)              25.14     396.53 r
  U11634/Y (INVx1_ASAP7_75t_R)                           20.29     416.82 f
  n1/mult_187/S2_7_1/CON (FAx1_ASAP7_75t_R)              25.14     441.96 r
  U11626/Y (INVx1_ASAP7_75t_R)                           20.29     462.26 f
  n1/mult_187/S2_8_1/CON (FAx1_ASAP7_75t_R)              25.14     487.39 r
  U11619/Y (INVx1_ASAP7_75t_R)                           20.29     507.69 f
  n1/mult_187/S2_9_1/CON (FAx1_ASAP7_75t_R)              25.14     532.83 r
  U11611/Y (INVx1_ASAP7_75t_R)                           20.29     553.12 f
  n1/mult_187/S2_10_1/CON (FAx1_ASAP7_75t_R)             25.14     578.26 r
  U11604/Y (INVx1_ASAP7_75t_R)                           20.29     598.55 f
  n1/mult_187/S2_11_1/CON (FAx1_ASAP7_75t_R)             25.14     623.69 r
  U11596/Y (INVx1_ASAP7_75t_R)                           20.29     643.98 f
  n1/mult_187/S2_12_1/CON (FAx1_ASAP7_75t_R)             25.14     669.12 r
  U11588/Y (INVx1_ASAP7_75t_R)                           20.29     689.41 f
  n1/mult_187/S2_13_1/CON (FAx1_ASAP7_75t_R)             25.14     714.55 r
  U11581/Y (INVx1_ASAP7_75t_R)                           20.29     734.84 f
  n1/mult_187/S2_14_1/CON (FAx1_ASAP7_75t_R)             25.14     759.98 r
  n1/mult_187/S2_14_1/SN (FAx1_ASAP7_75t_R)              17.49     777.47 f
  U11576/Y (INVx1_ASAP7_75t_R)                           18.49     795.97 r
  n1/mult_187/S4_0/CON (FAx1_ASAP7_75t_R)                27.15     823.11 f
  n1/mult_187/S4_0/SN (FAx1_ASAP7_75t_R)                 24.16     847.27 r
  U21351/Y (NOR2xp33_ASAP7_75t_R)                        35.63     882.90 f
  U19420/Y (AO21x1_ASAP7_75t_R)                          32.17     915.07 f
  U20683/Y (NOR3xp33_ASAP7_75t_R)                        36.72     951.79 r
  U19419/Y (AO21x1_ASAP7_75t_R)                          32.72     984.51 r
  U20651/Y (AOI21xp5_ASAP7_75t_R)                        17.84    1002.34 f
  U19417/Y (OAI221xp5_ASAP7_75t_R)                       37.27    1039.61 r
  U19416/SN (FAx1_ASAP7_75t_R)                           47.99    1087.60 f
  U5161/Y (OAI22xp5_ASAP7_75t_R)                         20.89    1108.50 r
  n1/wmul48_reg[19]/D (DFFHQNx1_ASAP7_75t_R)              0.00    1108.50 r
  data arrival time                                               1108.50

  clock clk (rise edge)                                2000.00    2000.00
  clock network delay (ideal)                             0.00    2000.00
  clock uncertainty                                      -0.01    1999.99
  n1/wmul48_reg[19]/CLK (DFFHQNx1_ASAP7_75t_R)            0.00    1999.99 r
  library setup time                                    -13.39    1986.60
  data required time                                              1986.60
  --------------------------------------------------------------------------
  data required time                                              1986.60
  data arrival time                                              -1108.50
  --------------------------------------------------------------------------
  slack (MET)                                                      878.10


1
